

================================================================
== Vivado HLS Report for 'Mem2Stream'
================================================================
* Date:           Tue Jul  7 16:23:34 2020

* Version:        2018.3 (Build 2405991 on Thu Dec 06 23:56:15 MST 2018)
* Project:        CIFAR10
* Solution:       sol1
* Product family: zynq
* Target device:  xc7z020clg400-1


================================================================
== Performance Estimates
================================================================
+ Timing (ns): 
    * Summary: 
    +--------+-------+----------+------------+
    |  Clock | Target| Estimated| Uncertainty|
    +--------+-------+----------+------------+
    |ap_clk  |   5.00|     4.375|        0.62|
    +--------+-------+----------+------------+

+ Latency (clock cycles): 
    * Summary: 
    +-----+-----+-----+-----+---------+
    |  Latency  |  Interval | Pipeline|
    | min | max | min | max |   Type  |
    +-----+-----+-----+-----+---------+
    |  393|  393|  393|  393|   none  |
    +-----+-----+-----+-----+---------+

    + Detail: 
        * Instance: 
        N/A

        * Loop: 
        +----------+-----+-----+----------+-----------+-----------+------+----------+
        |          |  Latency  | Iteration|  Initiation Interval  | Trip |          |
        | Loop Name| min | max |  Latency |  achieved |   target  | Count| Pipelined|
        +----------+-----+-----+----------+-----------+-----------+------+----------+
        |- Loop 1  |  385|  385|         3|          1|          1|   384|    yes   |
        +----------+-----+-----+----------+-----------+-----------+------+----------+

============================================================
+ Verbose Summary: Synthesis Manager
============================================================
InlineROM: 1
ExposeGlobal: 0
============================================================
+ Verbose Summary: CDFG Model
============================================================
IsTopModel: 0
ResetActiveHigh: 1
IsCombinational: 0
IsDatapathOnly: 0
HasWiredReturn: 1
HasMFsm: 0
HasVarLatency: 1
IsPipeline: 0
IsRtlPipelined: 0
IsInstanceOverlapped: 0
IsDontTouch: 0
HasImplIP: 0
IsGatedGlobalClock: 0

+ Individual pipeline summary: 
  * Pipeline-0: initiation interval (II) = 1, depth = 3


============================================================
+ Verbose Summary: Schedule
============================================================
* Number of FSM states : 11
* Pipeline : 1
  Pipeline-0 : II = 1, D = 3, States = { 8 9 10 }
* Dataflow Pipeline: 0

* FSM state transitions: 
1 --> 
	2  / true
2 --> 
	3  / true
3 --> 
	4  / true
4 --> 
	5  / true
5 --> 
	6  / true
6 --> 
	7  / true
7 --> 
	8  / true
8 --> 
	11  / (tmp)
	9  / (!tmp)
9 --> 
	10  / true
10 --> 
	8  / true
11 --> 

* FSM state operations: 

State 1 <SV = 0> <Delay = 4.37>
ST_1 : Operation 12 [1/1] (0.00ns)   --->   "%in_V_offset_read = call i61 @_ssdm_op_Read.ap_auto.i61(i61 %in_V_offset)"   --->   Operation 12 'read' 'in_V_offset_read' <Predicate = true> <Delay = 0.00>
ST_1 : Operation 13 [1/1] (0.00ns)   --->   "%in_V_offset_cast1 = zext i61 %in_V_offset_read to i64"   --->   Operation 13 'zext' 'in_V_offset_cast1' <Predicate = true> <Delay = 0.00>
ST_1 : Operation 14 [1/1] (0.00ns)   --->   "%in_V_addr = getelementptr i64* %in_V, i64 %in_V_offset_cast1" [/home/yangyuan/下载/ReBNet/bnn/src/library/hls/dma.h:51]   --->   Operation 14 'getelementptr' 'in_V_addr' <Predicate = true> <Delay = 0.00>
ST_1 : Operation 15 [7/7] (4.37ns)   --->   "%in_V_addr_rd_req = call i1 @_ssdm_op_ReadReq.m_axi.i64P(i64* %in_V_addr, i32 384)" [/home/yangyuan/下载/ReBNet/bnn/src/library/hls/dma.h:57]   --->   Operation 15 'readreq' 'in_V_addr_rd_req' <Predicate = true> <Delay = 4.37> <Core = "m_axi">   --->   Core 9 'm_axi' <Latency = 6> <II = 1> <Delay = 1.00> <Adapter> <Opcode : 'read' 'write' 'readreq' 'writereq' 'writeresp'>

State 2 <SV = 1> <Delay = 4.37>
ST_2 : Operation 16 [6/7] (4.37ns)   --->   "%in_V_addr_rd_req = call i1 @_ssdm_op_ReadReq.m_axi.i64P(i64* %in_V_addr, i32 384)" [/home/yangyuan/下载/ReBNet/bnn/src/library/hls/dma.h:57]   --->   Operation 16 'readreq' 'in_V_addr_rd_req' <Predicate = true> <Delay = 4.37> <Core = "m_axi">   --->   Core 9 'm_axi' <Latency = 6> <II = 1> <Delay = 1.00> <Adapter> <Opcode : 'read' 'write' 'readreq' 'writereq' 'writeresp'>

State 3 <SV = 2> <Delay = 4.37>
ST_3 : Operation 17 [5/7] (4.37ns)   --->   "%in_V_addr_rd_req = call i1 @_ssdm_op_ReadReq.m_axi.i64P(i64* %in_V_addr, i32 384)" [/home/yangyuan/下载/ReBNet/bnn/src/library/hls/dma.h:57]   --->   Operation 17 'readreq' 'in_V_addr_rd_req' <Predicate = true> <Delay = 4.37> <Core = "m_axi">   --->   Core 9 'm_axi' <Latency = 6> <II = 1> <Delay = 1.00> <Adapter> <Opcode : 'read' 'write' 'readreq' 'writereq' 'writeresp'>

State 4 <SV = 3> <Delay = 4.37>
ST_4 : Operation 18 [4/7] (4.37ns)   --->   "%in_V_addr_rd_req = call i1 @_ssdm_op_ReadReq.m_axi.i64P(i64* %in_V_addr, i32 384)" [/home/yangyuan/下载/ReBNet/bnn/src/library/hls/dma.h:57]   --->   Operation 18 'readreq' 'in_V_addr_rd_req' <Predicate = true> <Delay = 4.37> <Core = "m_axi">   --->   Core 9 'm_axi' <Latency = 6> <II = 1> <Delay = 1.00> <Adapter> <Opcode : 'read' 'write' 'readreq' 'writereq' 'writeresp'>

State 5 <SV = 4> <Delay = 4.37>
ST_5 : Operation 19 [3/7] (4.37ns)   --->   "%in_V_addr_rd_req = call i1 @_ssdm_op_ReadReq.m_axi.i64P(i64* %in_V_addr, i32 384)" [/home/yangyuan/下载/ReBNet/bnn/src/library/hls/dma.h:57]   --->   Operation 19 'readreq' 'in_V_addr_rd_req' <Predicate = true> <Delay = 4.37> <Core = "m_axi">   --->   Core 9 'm_axi' <Latency = 6> <II = 1> <Delay = 1.00> <Adapter> <Opcode : 'read' 'write' 'readreq' 'writereq' 'writeresp'>

State 6 <SV = 5> <Delay = 4.37>
ST_6 : Operation 20 [2/7] (4.37ns)   --->   "%in_V_addr_rd_req = call i1 @_ssdm_op_ReadReq.m_axi.i64P(i64* %in_V_addr, i32 384)" [/home/yangyuan/下载/ReBNet/bnn/src/library/hls/dma.h:57]   --->   Operation 20 'readreq' 'in_V_addr_rd_req' <Predicate = true> <Delay = 4.37> <Core = "m_axi">   --->   Core 9 'm_axi' <Latency = 6> <II = 1> <Delay = 1.00> <Adapter> <Opcode : 'read' 'write' 'readreq' 'writereq' 'writeresp'>

State 7 <SV = 6> <Delay = 4.37>
ST_7 : Operation 21 [1/1] (0.00ns)   --->   "call void (...)* @_ssdm_op_SpecInterface(i64* %out_V_V, [8 x i8]* @ap_fifo_str, i32 0, i32 0, [1 x i8]* @p_str, i32 0, i32 0, [1 x i8]* @p_str, [1 x i8]* @p_str, [1 x i8]* @p_str, i32 2, i32 2, i32 16, i32 16, [1 x i8]* @p_str, [1 x i8]* @p_str)"   --->   Operation 21 'specinterface' <Predicate = true> <Delay = 0.00>
ST_7 : Operation 22 [1/1] (0.00ns)   --->   "call void (...)* @_ssdm_op_SpecInterface(i64* %in_V, [6 x i8]* @p_str59, i32 0, i32 0, [1 x i8]* @p_str, i32 0, i32 256, [8 x i8]* @p_str60, [6 x i8]* @p_str61, [1 x i8]* @p_str, i32 16, i32 16, i32 16, i32 16, [1 x i8]* @p_str, [1 x i8]* @p_str)"   --->   Operation 22 'specinterface' <Predicate = true> <Delay = 0.00>
ST_7 : Operation 23 [1/7] (4.37ns)   --->   "%in_V_addr_rd_req = call i1 @_ssdm_op_ReadReq.m_axi.i64P(i64* %in_V_addr, i32 384)" [/home/yangyuan/下载/ReBNet/bnn/src/library/hls/dma.h:57]   --->   Operation 23 'readreq' 'in_V_addr_rd_req' <Predicate = true> <Delay = 4.37> <Core = "m_axi">   --->   Core 9 'm_axi' <Latency = 6> <II = 1> <Delay = 1.00> <Adapter> <Opcode : 'read' 'write' 'readreq' 'writereq' 'writeresp'>
ST_7 : Operation 24 [1/1] (1.76ns)   --->   "br label %1" [/home/yangyuan/下载/ReBNet/bnn/src/library/hls/dma.h:55]   --->   Operation 24 'br' <Predicate = true> <Delay = 1.76>

State 8 <SV = 7> <Delay = 1.82>
ST_8 : Operation 25 [1/1] (0.00ns)   --->   "%i = phi i9 [ 0, %0 ], [ %i_14, %2 ]"   --->   Operation 25 'phi' 'i' <Predicate = true> <Delay = 0.00>
ST_8 : Operation 26 [1/1] (1.66ns)   --->   "%tmp = icmp eq i9 %i, -128" [/home/yangyuan/下载/ReBNet/bnn/src/library/hls/dma.h:55]   --->   Operation 26 'icmp' 'tmp' <Predicate = true> <Delay = 1.66> <Core = "Cmp">   --->   Core 25 'Cmp' <Latency = 0> <II = 1> <Delay = 1.66> <FuncUnit> <Opcode : 'icmp'> <InPorts = 2> <OutPorts = 1>
ST_8 : Operation 27 [1/1] (0.00ns)   --->   "%empty = call i32 (...)* @_ssdm_op_SpecLoopTripCount(i64 384, i64 384, i64 384)"   --->   Operation 27 'speclooptripcount' 'empty' <Predicate = true> <Delay = 0.00>
ST_8 : Operation 28 [1/1] (1.82ns)   --->   "%i_14 = add i9 %i, 1" [/home/yangyuan/下载/ReBNet/bnn/src/library/hls/dma.h:55]   --->   Operation 28 'add' 'i_14' <Predicate = true> <Delay = 1.82> <Core = "AddSub">   --->   Core 14 'AddSub' <Latency = 0> <II = 1> <Delay = 1.82> <FuncUnit> <Opcode : 'add' 'sub'> <InPorts = 2> <OutPorts = 1>
ST_8 : Operation 29 [1/1] (0.00ns)   --->   "br i1 %tmp, label %3, label %2" [/home/yangyuan/下载/ReBNet/bnn/src/library/hls/dma.h:55]   --->   Operation 29 'br' <Predicate = true> <Delay = 0.00>

State 9 <SV = 8> <Delay = 4.37>
ST_9 : Operation 30 [1/1] (4.37ns)   --->   "%e_V = call i64 @_ssdm_op_Read.m_axi.i64P(i64* %in_V_addr)" [/home/yangyuan/下载/ReBNet/bnn/src/library/hls/dma.h:57]   --->   Operation 30 'read' 'e_V' <Predicate = (!tmp)> <Delay = 4.37> <Core = "m_axi">   --->   Core 9 'm_axi' <Latency = 6> <II = 1> <Delay = 1.00> <Adapter> <Opcode : 'read' 'write' 'readreq' 'writereq' 'writeresp'>

State 10 <SV = 9> <Delay = 2.18>
ST_10 : Operation 31 [1/1] (0.00ns)   --->   "%tmp_s = call i32 (...)* @_ssdm_op_SpecRegionBegin([12 x i8]* @p_str212)" [/home/yangyuan/下载/ReBNet/bnn/src/library/hls/dma.h:55]   --->   Operation 31 'specregionbegin' 'tmp_s' <Predicate = (!tmp)> <Delay = 0.00>
ST_10 : Operation 32 [1/1] (0.00ns)   --->   "call void (...)* @_ssdm_op_SpecPipeline(i32 1, i32 1, i32 1, i32 0, [1 x i8]* @p_str) nounwind" [/home/yangyuan/下载/ReBNet/bnn/src/library/hls/dma.h:56]   --->   Operation 32 'specpipeline' <Predicate = (!tmp)> <Delay = 0.00>
ST_10 : Operation 33 [1/1] (2.18ns)   --->   "call void @_ssdm_op_Write.ap_fifo.volatile.i64P(i64* %out_V_V, i64 %e_V)" [/home/yangyuan/下载/ReBNet/bnn/src/library/hls/dma.h:58]   --->   Operation 33 'write' <Predicate = (!tmp)> <Delay = 2.18> <Core = "FIFO_SRL">   --->   Core 36 'FIFO_SRL' <Latency = 0> <II = 1> <Delay = 3.63> <Storage> <Opcode : 'read' 'write' 'nbread' 'nbwrite'> <Ports = 0> <Width = 64> <Depth = 0> <FIFO>
ST_10 : Operation 34 [1/1] (0.00ns)   --->   "%empty_1234 = call i32 (...)* @_ssdm_op_SpecRegionEnd([12 x i8]* @p_str212, i32 %tmp_s)" [/home/yangyuan/下载/ReBNet/bnn/src/library/hls/dma.h:59]   --->   Operation 34 'specregionend' 'empty_1234' <Predicate = (!tmp)> <Delay = 0.00>
ST_10 : Operation 35 [1/1] (0.00ns)   --->   "br label %1" [/home/yangyuan/下载/ReBNet/bnn/src/library/hls/dma.h:55]   --->   Operation 35 'br' <Predicate = (!tmp)> <Delay = 0.00>

State 11 <SV = 8> <Delay = 0.00>
ST_11 : Operation 36 [1/1] (0.00ns)   --->   "ret void" [/home/yangyuan/下载/ReBNet/bnn/src/library/hls/dma.h:60]   --->   Operation 36 'ret' <Predicate = true> <Delay = 0.00>


============================================================
+ Verbose Summary: Timing violations
============================================================
Target clock period: 5ns, clock uncertainty: 0.625ns.

 <State 1>: 4.38ns
The critical path consists of the following:
	wire read on port 'in_V_offset' [4]  (0 ns)
	'getelementptr' operation ('in_V_addr', /home/yangyuan/下载/ReBNet/bnn/src/library/hls/dma.h:51) [6]  (0 ns)
	bus request on port 'in_V' (/home/yangyuan/下载/ReBNet/bnn/src/library/hls/dma.h:57) [9]  (4.38 ns)

 <State 2>: 4.38ns
The critical path consists of the following:
	bus request on port 'in_V' (/home/yangyuan/下载/ReBNet/bnn/src/library/hls/dma.h:57) [9]  (4.38 ns)

 <State 3>: 4.38ns
The critical path consists of the following:
	bus request on port 'in_V' (/home/yangyuan/下载/ReBNet/bnn/src/library/hls/dma.h:57) [9]  (4.38 ns)

 <State 4>: 4.38ns
The critical path consists of the following:
	bus request on port 'in_V' (/home/yangyuan/下载/ReBNet/bnn/src/library/hls/dma.h:57) [9]  (4.38 ns)

 <State 5>: 4.38ns
The critical path consists of the following:
	bus request on port 'in_V' (/home/yangyuan/下载/ReBNet/bnn/src/library/hls/dma.h:57) [9]  (4.38 ns)

 <State 6>: 4.38ns
The critical path consists of the following:
	bus request on port 'in_V' (/home/yangyuan/下载/ReBNet/bnn/src/library/hls/dma.h:57) [9]  (4.38 ns)

 <State 7>: 4.38ns
The critical path consists of the following:
	bus request on port 'in_V' (/home/yangyuan/下载/ReBNet/bnn/src/library/hls/dma.h:57) [9]  (4.38 ns)

 <State 8>: 1.82ns
The critical path consists of the following:
	'phi' operation ('i') with incoming values : ('i', /home/yangyuan/下载/ReBNet/bnn/src/library/hls/dma.h:55) [12]  (0 ns)
	'add' operation ('i', /home/yangyuan/下载/ReBNet/bnn/src/library/hls/dma.h:55) [15]  (1.82 ns)

 <State 9>: 4.38ns
The critical path consists of the following:
	bus read on port 'in_V' (/home/yangyuan/下载/ReBNet/bnn/src/library/hls/dma.h:57) [20]  (4.38 ns)

 <State 10>: 2.19ns
The critical path consists of the following:
	fifo write on port 'out_V_V' (/home/yangyuan/下载/ReBNet/bnn/src/library/hls/dma.h:58) [21]  (2.19 ns)

 <State 11>: 0ns
The critical path consists of the following:


============================================================
+ Verbose Summary: Binding
============================================================
N/A
* FSMD analyzer results:
  - Output states:
 - Input state : 
  - Chain level:
	State 1
	State 2
	State 3
	State 4
	State 5
	State 6
	State 7
	State 8
	State 9
	State 10
	State 11


============================================================
+ Verbose Summary: Datapath Resource usage 
============================================================
N/A
