

================================================================
== Vivado HLS Report for 'Resid_StreamingDataW_3'
================================================================
* Date:           Tue Jul  7 16:28:07 2020

* Version:        2018.3 (Build 2405991 on Thu Dec 06 23:56:15 MST 2018)
* Project:        CIFAR10
* Solution:       sol1
* Product family: zynq
* Target device:  xc7z020clg400-1


================================================================
== Performance Estimates
================================================================
+ Timing (ns): 
    * Summary: 
    +--------+-------+----------+------------+
    |  Clock | Target| Estimated| Uncertainty|
    +--------+-------+----------+------------+
    |ap_clk  |   5.00|     3.171|        0.62|
    +--------+-------+----------+------------+

+ Latency (clock cycles): 
    * Summary: 
    +------+------+------+------+---------+
    |   Latency   |   Interval  | Pipeline|
    |  min |  max |  min |  max |   Type  |
    +------+------+------+------+---------+
    |  1028|  1028|  1028|  1028|   none  |
    +------+------+------+------+---------+

    + Detail: 
        * Instance: 
        N/A

        * Loop: 
        +----------+------+------+----------+-----------+-----------+------+----------+
        |          |   Latency   | Iteration|  Initiation Interval  | Trip |          |
        | Loop Name|  min |  max |  Latency |  achieved |   target  | Count| Pipelined|
        +----------+------+------+----------+-----------+-----------+------+----------+
        |- Loop 1  |  1026|  1026|         5|          2|          1|   512|    yes   |
        +----------+------+------+----------+-----------+-----------+------+----------+



================================================================
== Utilization Estimates
================================================================
* Summary: 
+-----------------+---------+-------+--------+-------+
|       Name      | BRAM_18K| DSP48E|   FF   |  LUT  |
+-----------------+---------+-------+--------+-------+
|DSP              |        -|      -|       -|      -|
|Expression       |        -|      -|       0|    154|
|FIFO             |        -|      -|       -|      -|
|Instance         |        -|      -|       -|      -|
|Memory           |        -|      -|       -|      -|
|Multiplexer      |        -|      -|       -|    144|
|Register         |        -|      -|     446|      -|
+-----------------+---------+-------+--------+-------+
|Total            |        0|      0|     446|    298|
+-----------------+---------+-------+--------+-------+
|Available        |      280|    220|  106400|  53200|
+-----------------+---------+-------+--------+-------+
|Utilization (%)  |        0|      0|   ~0   |   ~0  |
+-----------------+---------+-------+--------+-------+

+ Detail: 
    * Instance: 
    N/A

    * DSP48: 
    N/A

    * Memory: 
    N/A

    * FIFO: 
    N/A

    * Expression: 
    +----------------------------------+----------+-------+---+----+------------+------------+
    |           Variable Name          | Operation| DSP48E| FF| LUT| Bitwidth P0| Bitwidth P1|
    +----------------------------------+----------+-------+---+----+------------+------------+
    |o_4_fu_125_p2                     |     +    |      0|  0|  39|           1|          32|
    |t_6_fu_113_p2                     |     +    |      0|  0|  14|          10|           1|
    |ap_block_state3_pp0_stage1_iter0  |    and   |      0|  0|   2|           1|           1|
    |ap_block_state4_pp0_stage0_iter1  |    and   |      0|  0|   2|           1|           1|
    |ap_block_state5_pp0_stage1_iter1  |    and   |      0|  0|   2|           1|           1|
    |ap_condition_193                  |    and   |      0|  0|   2|           1|           1|
    |ap_condition_198                  |    and   |      0|  0|   2|           1|           1|
    |ap_predicate_op21_read_state3     |    and   |      0|  0|   2|           1|           1|
    |exitcond_fu_107_p2                |   icmp   |      0|  0|  13|          10|          11|
    |tmp_fu_119_p2                     |   icmp   |      0|  0|  18|          32|           1|
    |tmp_s_fu_131_p2                   |   icmp   |      0|  0|  18|          32|           7|
    |ap_block_pp0_stage0_01001         |    or    |      0|  0|   2|           1|           1|
    |ap_block_pp0_stage1_01001         |    or    |      0|  0|   2|           1|           1|
    |ap_block_state1                   |    or    |      0|  0|   2|           1|           1|
    |p_s_fu_136_p3                     |  select  |      0|  0|  32|           1|           1|
    |ap_enable_pp0                     |    xor   |      0|  0|   2|           1|           2|
    +----------------------------------+----------+-------+---+----+------------+------------+
    |Total                             |          |      0|  0| 154|          96|          64|
    +----------------------------------+----------+-------+---+----+------------+------------+

    * Multiplexer: 
    +--------------------------------------+----+-----------+-----+-----------+
    |                 Name                 | LUT| Input Size| Bits| Total Bits|
    +--------------------------------------+----+-----------+-----+-----------+
    |ap_NS_fsm                             |  27|          5|    1|          5|
    |ap_done                               |   9|          2|    1|          2|
    |ap_enable_reg_pp0_iter2               |   9|          2|    1|          2|
    |ap_phi_mux_o_phi_fu_71_p4             |   9|          2|   32|         64|
    |ap_phi_mux_t_phi_fu_82_p4             |   9|          2|   10|         20|
    |ap_phi_reg_pp0_iter1_ei_V_0_1_reg_98  |  15|          3|   64|        192|
    |ap_phi_reg_pp0_iter1_ei_V_1_1_reg_89  |  15|          3|   64|        192|
    |in_V_V_blk_n                          |   9|          2|    1|          2|
    |o_reg_67                              |   9|          2|   32|         64|
    |out_V_V_blk_n                         |   9|          2|    1|          2|
    |out_V_V_din                           |  15|          3|    1|          3|
    |t_reg_78                              |   9|          2|   10|         20|
    +--------------------------------------+----+-----------+-----+-----------+
    |Total                                 | 144|         30|  218|        568|
    +--------------------------------------+----+-----------+-----+-----------+

    * Register: 
    +--------------------------------------+----+----+-----+-----------+
    |                 Name                 | FF | LUT| Bits| Const Bits|
    +--------------------------------------+----+----+-----+-----------+
    |ap_CS_fsm                             |   4|   0|    4|          0|
    |ap_done_reg                           |   1|   0|    1|          0|
    |ap_enable_reg_pp0_iter0               |   1|   0|    1|          0|
    |ap_enable_reg_pp0_iter1               |   1|   0|    1|          0|
    |ap_enable_reg_pp0_iter2               |   1|   0|    1|          0|
    |ap_phi_reg_pp0_iter1_ei_V_0_1_reg_98  |  64|   0|   64|          0|
    |ap_phi_reg_pp0_iter1_ei_V_1_1_reg_89  |  64|   0|   64|          0|
    |ei_V_1_fu_50                          |  63|   0|   63|          0|
    |ei_V_fu_46                            |  63|   0|   63|          0|
    |exitcond_reg_208                      |   1|   0|    1|          0|
    |exitcond_reg_208_pp0_iter1_reg        |   1|   0|    1|          0|
    |o_4_reg_221                           |  32|   0|   32|          0|
    |o_reg_67                              |  32|   0|   32|          0|
    |p_s_reg_232                           |  32|   0|   32|          0|
    |t_6_reg_212                           |  10|   0|   10|          0|
    |t_reg_78                              |  10|   0|   10|          0|
    |tmp_V_72_reg_252                      |   1|   0|    1|          0|
    |tmp_V_73_reg_227                      |  64|   0|   64|          0|
    |tmp_reg_217                           |   1|   0|    1|          0|
    +--------------------------------------+----+----+-----+-----------+
    |Total                                 | 446|   0|  446|          0|
    +--------------------------------------+----+----+-----+-----------+



================================================================
== Interface
================================================================
* Summary: 
+----------------+-----+-----+------------+------------------------+--------------+
|    RTL Ports   | Dir | Bits|  Protocol  |      Source Object     |    C Type    |
+----------------+-----+-----+------------+------------------------+--------------+
|ap_clk          |  in |    1| ap_ctrl_hs | Resid_StreamingDataW.3 | return value |
|ap_rst          |  in |    1| ap_ctrl_hs | Resid_StreamingDataW.3 | return value |
|ap_start        |  in |    1| ap_ctrl_hs | Resid_StreamingDataW.3 | return value |
|ap_done         | out |    1| ap_ctrl_hs | Resid_StreamingDataW.3 | return value |
|ap_continue     |  in |    1| ap_ctrl_hs | Resid_StreamingDataW.3 | return value |
|ap_idle         | out |    1| ap_ctrl_hs | Resid_StreamingDataW.3 | return value |
|ap_ready        | out |    1| ap_ctrl_hs | Resid_StreamingDataW.3 | return value |
|in_V_V_dout     |  in |   64|   ap_fifo  |         in_V_V         |    pointer   |
|in_V_V_empty_n  |  in |    1|   ap_fifo  |         in_V_V         |    pointer   |
|in_V_V_read     | out |    1|   ap_fifo  |         in_V_V         |    pointer   |
|out_V_V_din     | out |    1|   ap_fifo  |         out_V_V        |    pointer   |
|out_V_V_full_n  |  in |    1|   ap_fifo  |         out_V_V        |    pointer   |
|out_V_V_write   | out |    1|   ap_fifo  |         out_V_V        |    pointer   |
+----------------+-----+-----+------------+------------------------+--------------+

