

================================================================
== Vivado HLS Report for 'StreamingFxdMatrixVe'
================================================================
* Date:           Tue Jul  7 16:26:30 2020

* Version:        2018.3 (Build 2405991 on Thu Dec 06 23:56:15 MST 2018)
* Project:        CIFAR10
* Solution:       sol1
* Product family: zynq
* Target device:  xc7z020clg400-1


================================================================
== Performance Estimates
================================================================
+ Timing (ns): 
    * Summary: 
    +--------+-------+----------+------------+
    |  Clock | Target| Estimated| Uncertainty|
    +--------+-------+----------+------------+
    |ap_clk  |   5.00|     4.940|        0.62|
    +--------+-------+----------+------------+

+ Latency (clock cycles): 
    * Summary: 
    +-------+-------+-------+-------+---------+
    |    Latency    |    Interval   | Pipeline|
    |  min  |  max  |  min  |  max  |   Type  |
    +-------+-------+-------+-------+---------+
    |  64816|  64816|  64816|  64816|   none  |
    +-------+-------+-------+-------+---------+

    + Detail: 
        * Instance: 
        N/A

        * Loop: 
        +----------+-------+-------+----------+-----------+-----------+-------+----------+
        |          |    Latency    | Iteration|  Initiation Interval  |  Trip |          |
        | Loop Name|  min  |  max  |  Latency |  achieved |   target  | Count | Pipelined|
        +----------+-------+-------+----------+-----------+-----------+-------+----------+
        |- Loop 1  |  64814|  64814|        17|          2|          1|  32400|    yes   |
        +----------+-------+-------+----------+-----------+-----------+-------+----------+



================================================================
== Utilization Estimates
================================================================
* Summary: 
+-----------------+---------+-------+--------+-------+
|       Name      | BRAM_18K| DSP48E|   FF   |  LUT  |
+-----------------+---------+-------+--------+-------+
|DSP              |        -|      -|       -|      -|
|Expression       |        -|      -|       0|   6479|
|FIFO             |        -|      -|       -|      -|
|Instance         |        -|     32|    1888|     16|
|Memory           |        0|      -|      48|      4|
|Multiplexer      |        -|      -|       -|    297|
|Register         |        0|      -|    4038|     64|
+-----------------+---------+-------+--------+-------+
|Total            |        0|     32|    5974|   6860|
+-----------------+---------+-------+--------+-------+
|Available        |      280|    220|  106400|  53200|
+-----------------+---------+-------+--------+-------+
|Utilization (%)  |        0|     14|       5|     12|
+-----------------+---------+-------+--------+-------+

+ Detail: 
    * Instance: 
    +------------------------------------+--------------------------------+---------+-------+-----+----+
    |              Instance              |             Module             | BRAM_18K| DSP48E|  FF | LUT|
    +------------------------------------+--------------------------------+---------+-------+-----+----+
    |BlackBoxJam_mul_24s_24s_48_4_1_U19  |BlackBoxJam_mul_24s_24s_48_4_1  |        0|      2|  118|   1|
    |BlackBoxJam_mul_24s_24s_48_4_1_U20  |BlackBoxJam_mul_24s_24s_48_4_1  |        0|      2|  118|   1|
    |BlackBoxJam_mul_24s_24s_48_4_1_U21  |BlackBoxJam_mul_24s_24s_48_4_1  |        0|      2|  118|   1|
    |BlackBoxJam_mul_24s_24s_48_4_1_U22  |BlackBoxJam_mul_24s_24s_48_4_1  |        0|      2|  118|   1|
    |BlackBoxJam_mul_24s_24s_48_4_1_U23  |BlackBoxJam_mul_24s_24s_48_4_1  |        0|      2|  118|   1|
    |BlackBoxJam_mul_24s_24s_48_4_1_U24  |BlackBoxJam_mul_24s_24s_48_4_1  |        0|      2|  118|   1|
    |BlackBoxJam_mul_24s_24s_48_4_1_U25  |BlackBoxJam_mul_24s_24s_48_4_1  |        0|      2|  118|   1|
    |BlackBoxJam_mul_24s_24s_48_4_1_U26  |BlackBoxJam_mul_24s_24s_48_4_1  |        0|      2|  118|   1|
    |BlackBoxJam_mul_24s_24s_48_4_1_U27  |BlackBoxJam_mul_24s_24s_48_4_1  |        0|      2|  118|   1|
    |BlackBoxJam_mul_24s_24s_48_4_1_U28  |BlackBoxJam_mul_24s_24s_48_4_1  |        0|      2|  118|   1|
    |BlackBoxJam_mul_24s_24s_48_4_1_U29  |BlackBoxJam_mul_24s_24s_48_4_1  |        0|      2|  118|   1|
    |BlackBoxJam_mul_24s_24s_48_4_1_U30  |BlackBoxJam_mul_24s_24s_48_4_1  |        0|      2|  118|   1|
    |BlackBoxJam_mul_24s_24s_48_4_1_U31  |BlackBoxJam_mul_24s_24s_48_4_1  |        0|      2|  118|   1|
    |BlackBoxJam_mul_24s_24s_48_4_1_U32  |BlackBoxJam_mul_24s_24s_48_4_1  |        0|      2|  118|   1|
    |BlackBoxJam_mul_24s_24s_48_4_1_U33  |BlackBoxJam_mul_24s_24s_48_4_1  |        0|      2|  118|   1|
    |BlackBoxJam_mul_24s_24s_48_4_1_U34  |BlackBoxJam_mul_24s_24s_48_4_1  |        0|      2|  118|   1|
    +------------------------------------+--------------------------------+---------+-------+-----+----+
    |Total                               |                                |        0|     32| 1888|  16|
    +------------------------------------+--------------------------------+---------+-------+-----+----+

    * DSP48: 
    N/A

    * Memory: 
    +--------------+---------------------------------+---------+----+----+------+-----+------+-------------+
    |    Memory    |              Module             | BRAM_18K| FF | LUT| Words| Bits| Banks| W*Bits*Banks|
    +--------------+---------------------------------+---------+----+----+------+-----+------+-------------+
    |inputBuf_V_U  |StreamingFxdMatrixVe_inputBuf_V  |        0|  48|   4|     9|   24|     1|          216|
    +--------------+---------------------------------+---------+----+----+------+-----+------+-------------+
    |Total         |                                 |        0|  48|   4|     9|   24|     1|          216|
    +--------------+---------------------------------+---------+----+----+------+-----+------+-------------+

    * FIFO: 
    N/A

    * Expression: 
    +------------------------------------+----------+-------+---+----+------------+------------+
    |            Variable Name           | Operation| DSP48E| FF| LUT| Bitwidth P0| Bitwidth P1|
    +------------------------------------+----------+-------+---+----+------------+------------+
    |accReg_0_V_fu_2405_p2               |     +    |      0|  0|  31|          24|          24|
    |accReg_10_V_fu_3621_p2              |     +    |      0|  0|  31|          24|          24|
    |accReg_11_V_fu_3713_p2              |     +    |      0|  0|  31|          24|          24|
    |accReg_12_V_fu_3805_p2              |     +    |      0|  0|  31|          24|          24|
    |accReg_13_V_fu_3897_p2              |     +    |      0|  0|  31|          24|          24|
    |accReg_14_V_fu_3989_p2              |     +    |      0|  0|  31|          24|          24|
    |accReg_15_V_fu_4081_p2              |     +    |      0|  0|  31|          24|          24|
    |accReg_1_V_fu_2497_p2               |     +    |      0|  0|  31|          24|          24|
    |accReg_2_V_fu_2589_p2               |     +    |      0|  0|  31|          24|          24|
    |accReg_3_V_fu_2681_p2               |     +    |      0|  0|  31|          24|          24|
    |accReg_4_V_fu_2773_p2               |     +    |      0|  0|  31|          24|          24|
    |accReg_5_V_fu_2865_p2               |     +    |      0|  0|  31|          24|          24|
    |accReg_6_V_fu_2957_p2               |     +    |      0|  0|  31|          24|          24|
    |accReg_7_V_fu_3049_p2               |     +    |      0|  0|  31|          24|          24|
    |accReg_8_V_fu_3437_p2               |     +    |      0|  0|  31|          24|          24|
    |accReg_9_V_fu_3529_p2               |     +    |      0|  0|  31|          24|          24|
    |i_fu_1049_p2                        |     +    |      0|  0|  21|          15|           1|
    |intReg_0_V_1_fu_1277_p2             |     +    |      0|  0|  12|          12|          12|
    |intReg_0_V_fu_1231_p2               |     +    |      0|  0|  13|          11|          11|
    |intReg_10_V_1_fu_3213_p2            |     +    |      0|  0|  12|          12|          12|
    |intReg_10_V_fu_2062_p2              |     +    |      0|  0|  13|          11|          11|
    |intReg_11_V_1_fu_3247_p2            |     +    |      0|  0|  12|          12|          12|
    |intReg_11_V_fu_2116_p2              |     +    |      0|  0|  13|          11|          11|
    |intReg_12_V_1_fu_3281_p2            |     +    |      0|  0|  12|          12|          12|
    |intReg_12_V_fu_2170_p2              |     +    |      0|  0|  13|          11|          11|
    |intReg_13_V_1_fu_3315_p2            |     +    |      0|  0|  12|          12|          12|
    |intReg_13_V_fu_2224_p2              |     +    |      0|  0|  13|          11|          11|
    |intReg_14_V_1_fu_3349_p2            |     +    |      0|  0|  12|          12|          12|
    |intReg_14_V_fu_2278_p2              |     +    |      0|  0|  13|          11|          11|
    |intReg_15_V_1_fu_3383_p2            |     +    |      0|  0|  12|          12|          12|
    |intReg_15_V_fu_2332_p2              |     +    |      0|  0|  13|          11|          11|
    |intReg_1_V_1_fu_1366_p2             |     +    |      0|  0|  12|          12|          12|
    |intReg_1_V_fu_1329_p2               |     +    |      0|  0|  13|          11|          11|
    |intReg_2_V_1_fu_1455_p2             |     +    |      0|  0|  12|          12|          12|
    |intReg_2_V_fu_1418_p2               |     +    |      0|  0|  13|          11|          11|
    |intReg_3_V_1_fu_1544_p2             |     +    |      0|  0|  12|          12|          12|
    |intReg_3_V_fu_1507_p2               |     +    |      0|  0|  13|          11|          11|
    |intReg_4_V_1_fu_1633_p2             |     +    |      0|  0|  12|          12|          12|
    |intReg_4_V_fu_1596_p2               |     +    |      0|  0|  13|          11|          11|
    |intReg_5_V_1_fu_1722_p2             |     +    |      0|  0|  12|          12|          12|
    |intReg_5_V_fu_1685_p2               |     +    |      0|  0|  13|          11|          11|
    |intReg_6_V_1_fu_1811_p2             |     +    |      0|  0|  12|          12|          12|
    |intReg_6_V_fu_1774_p2               |     +    |      0|  0|  13|          11|          11|
    |intReg_7_V_1_fu_1900_p2             |     +    |      0|  0|  12|          12|          12|
    |intReg_7_V_fu_1863_p2               |     +    |      0|  0|  13|          11|          11|
    |intReg_8_V_1_fu_3145_p2             |     +    |      0|  0|  12|          12|          12|
    |intReg_8_V_fu_1954_p2               |     +    |      0|  0|  13|          11|          11|
    |intReg_9_V_1_fu_3179_p2             |     +    |      0|  0|  12|          12|          12|
    |intReg_9_V_fu_2008_p2               |     +    |      0|  0|  13|          11|          11|
    |nf_6_fu_1099_p2                     |     +    |      0|  0|  39|           1|          32|
    |ret_V_11_10_fu_3699_p2              |     +    |      0|  0|  32|          25|          25|
    |ret_V_11_11_fu_3791_p2              |     +    |      0|  0|  32|          25|          25|
    |ret_V_11_12_fu_3883_p2              |     +    |      0|  0|  32|          25|          25|
    |ret_V_11_13_fu_3975_p2              |     +    |      0|  0|  32|          25|          25|
    |ret_V_11_14_fu_4067_p2              |     +    |      0|  0|  32|          25|          25|
    |ret_V_11_1_fu_2483_p2               |     +    |      0|  0|  32|          25|          25|
    |ret_V_11_2_fu_2575_p2               |     +    |      0|  0|  32|          25|          25|
    |ret_V_11_3_fu_2667_p2               |     +    |      0|  0|  32|          25|          25|
    |ret_V_11_4_fu_2759_p2               |     +    |      0|  0|  32|          25|          25|
    |ret_V_11_5_fu_2851_p2               |     +    |      0|  0|  32|          25|          25|
    |ret_V_11_6_fu_2943_p2               |     +    |      0|  0|  32|          25|          25|
    |ret_V_11_7_fu_3035_p2               |     +    |      0|  0|  32|          25|          25|
    |ret_V_11_8_fu_3423_p2               |     +    |      0|  0|  32|          25|          25|
    |ret_V_11_9_fu_3515_p2               |     +    |      0|  0|  32|          25|          25|
    |ret_V_11_fu_2391_p2                 |     +    |      0|  0|  32|          25|          25|
    |ret_V_11_s_fu_3607_p2               |     +    |      0|  0|  32|          25|          25|
    |ret_V_12_10_fu_5324_p2              |     +    |      0|  0|  55|          48|          48|
    |ret_V_12_11_fu_5376_p2              |     +    |      0|  0|  55|          48|          48|
    |ret_V_12_12_fu_5428_p2              |     +    |      0|  0|  55|          48|          48|
    |ret_V_12_13_fu_5480_p2              |     +    |      0|  0|  55|          48|          48|
    |ret_V_12_14_fu_5532_p2              |     +    |      0|  0|  55|          48|          48|
    |ret_V_12_1_fu_4468_p2               |     +    |      0|  0|  55|          48|          48|
    |ret_V_12_2_fu_4520_p2               |     +    |      0|  0|  55|          48|          48|
    |ret_V_12_3_fu_4572_p2               |     +    |      0|  0|  55|          48|          48|
    |ret_V_12_4_fu_4624_p2               |     +    |      0|  0|  55|          48|          48|
    |ret_V_12_5_fu_4676_p2               |     +    |      0|  0|  55|          48|          48|
    |ret_V_12_6_fu_4728_p2               |     +    |      0|  0|  55|          48|          48|
    |ret_V_12_7_fu_4780_p2               |     +    |      0|  0|  55|          48|          48|
    |ret_V_12_8_fu_5168_p2               |     +    |      0|  0|  55|          48|          48|
    |ret_V_12_9_fu_5220_p2               |     +    |      0|  0|  55|          48|          48|
    |ret_V_12_fu_4416_p2                 |     +    |      0|  0|  55|          48|          48|
    |ret_V_12_s_fu_5272_p2               |     +    |      0|  0|  55|          48|          48|
    |sf_6_fu_1055_p2                     |     +    |      0|  0|  39|           1|          32|
    |tmp1_fu_1079_p2                     |     +    |      0|  0|   5|          32|          32|
    |tmp_78_fu_1084_p2                   |     +    |      0|  0|   5|          32|          32|
    |mf_0_1_fu_1169_p2                   |     -    |      0|  0|  15|           1|           9|
    |mf_0_2_fu_1251_p2                   |     -    |      0|  0|  15|           1|           9|
    |mf_fu_1149_p2                       |     -    |      0|  0|  15|           1|           9|
    |ap_block_pp0_stage1_01001           |    and   |      0|  0|   2|           1|           1|
    |ap_block_state17_pp0_stage1_iter7   |    and   |      0|  0|   2|           1|           1|
    |ap_block_state18_pp0_stage0_iter8   |    and   |      0|  0|   2|           1|           1|
    |ap_block_state4_pp0_stage0_iter1    |    and   |      0|  0|   2|           1|           1|
    |ap_condition_506                    |    and   |      0|  0|   2|           1|           1|
    |ap_predicate_op87_read_state4       |    and   |      0|  0|   2|           1|           1|
    |overflow_3_10_fu_5994_p2            |    and   |      0|  0|   2|           1|           1|
    |overflow_3_11_fu_6036_p2            |    and   |      0|  0|   2|           1|           1|
    |overflow_3_12_fu_6078_p2            |    and   |      0|  0|   2|           1|           1|
    |overflow_3_13_fu_6120_p2            |    and   |      0|  0|   2|           1|           1|
    |overflow_3_14_fu_6162_p2            |    and   |      0|  0|   2|           1|           1|
    |overflow_3_1_fu_4878_p2             |    and   |      0|  0|   2|           1|           1|
    |overflow_3_2_fu_4920_p2             |    and   |      0|  0|   2|           1|           1|
    |overflow_3_3_fu_4962_p2             |    and   |      0|  0|   2|           1|           1|
    |overflow_3_4_fu_5004_p2             |    and   |      0|  0|   2|           1|           1|
    |overflow_3_5_fu_5046_p2             |    and   |      0|  0|   2|           1|           1|
    |overflow_3_6_fu_5088_p2             |    and   |      0|  0|   2|           1|           1|
    |overflow_3_7_fu_5130_p2             |    and   |      0|  0|   2|           1|           1|
    |overflow_3_8_fu_5868_p2             |    and   |      0|  0|   2|           1|           1|
    |overflow_3_9_fu_5910_p2             |    and   |      0|  0|   2|           1|           1|
    |overflow_3_fu_4836_p2               |    and   |      0|  0|   2|           1|           1|
    |overflow_3_s_fu_5952_p2             |    and   |      0|  0|   2|           1|           1|
    |underflow_2_10_fu_3733_p2           |    and   |      0|  0|   2|           1|           1|
    |underflow_2_11_fu_3825_p2           |    and   |      0|  0|   2|           1|           1|
    |underflow_2_12_fu_3917_p2           |    and   |      0|  0|   2|           1|           1|
    |underflow_2_13_fu_4009_p2           |    and   |      0|  0|   2|           1|           1|
    |underflow_2_14_fu_4101_p2           |    and   |      0|  0|   2|           1|           1|
    |underflow_2_1_fu_2517_p2            |    and   |      0|  0|   2|           1|           1|
    |underflow_2_2_fu_2609_p2            |    and   |      0|  0|   2|           1|           1|
    |underflow_2_3_fu_2701_p2            |    and   |      0|  0|   2|           1|           1|
    |underflow_2_4_fu_2793_p2            |    and   |      0|  0|   2|           1|           1|
    |underflow_2_5_fu_2885_p2            |    and   |      0|  0|   2|           1|           1|
    |underflow_2_6_fu_2977_p2            |    and   |      0|  0|   2|           1|           1|
    |underflow_2_7_fu_3069_p2            |    and   |      0|  0|   2|           1|           1|
    |underflow_2_8_fu_3457_p2            |    and   |      0|  0|   2|           1|           1|
    |underflow_2_9_fu_3549_p2            |    and   |      0|  0|   2|           1|           1|
    |underflow_2_fu_2425_p2              |    and   |      0|  0|   2|           1|           1|
    |underflow_2_s_fu_3641_p2            |    and   |      0|  0|   2|           1|           1|
    |underflow_3_10_fu_6016_p2           |    and   |      0|  0|   2|           1|           1|
    |underflow_3_11_fu_6058_p2           |    and   |      0|  0|   2|           1|           1|
    |underflow_3_12_fu_6100_p2           |    and   |      0|  0|   2|           1|           1|
    |underflow_3_13_fu_6142_p2           |    and   |      0|  0|   2|           1|           1|
    |underflow_3_14_fu_6184_p2           |    and   |      0|  0|   2|           1|           1|
    |underflow_3_1_fu_4900_p2            |    and   |      0|  0|   2|           1|           1|
    |underflow_3_2_fu_4942_p2            |    and   |      0|  0|   2|           1|           1|
    |underflow_3_3_fu_4984_p2            |    and   |      0|  0|   2|           1|           1|
    |underflow_3_4_fu_5026_p2            |    and   |      0|  0|   2|           1|           1|
    |underflow_3_5_fu_5068_p2            |    and   |      0|  0|   2|           1|           1|
    |underflow_3_6_fu_5110_p2            |    and   |      0|  0|   2|           1|           1|
    |underflow_3_7_fu_5152_p2            |    and   |      0|  0|   2|           1|           1|
    |underflow_3_8_fu_5890_p2            |    and   |      0|  0|   2|           1|           1|
    |underflow_3_9_fu_5932_p2            |    and   |      0|  0|   2|           1|           1|
    |underflow_3_fu_4858_p2              |    and   |      0|  0|   2|           1|           1|
    |underflow_3_s_fu_5974_p2            |    and   |      0|  0|   2|           1|           1|
    |exitcond_fu_1043_p2                 |   icmp   |      0|  0|  13|          15|          10|
    |p_not1_10_fu_6005_p2                |   icmp   |      0|  0|  13|          16|           2|
    |p_not1_11_fu_6047_p2                |   icmp   |      0|  0|  13|          16|           2|
    |p_not1_12_fu_6089_p2                |   icmp   |      0|  0|  13|          16|           2|
    |p_not1_13_fu_6131_p2                |   icmp   |      0|  0|  13|          16|           2|
    |p_not1_14_fu_6173_p2                |   icmp   |      0|  0|  13|          16|           2|
    |p_not1_1_fu_4889_p2                 |   icmp   |      0|  0|  13|          16|           2|
    |p_not1_2_fu_4931_p2                 |   icmp   |      0|  0|  13|          16|           2|
    |p_not1_3_fu_4973_p2                 |   icmp   |      0|  0|  13|          16|           2|
    |p_not1_4_fu_5015_p2                 |   icmp   |      0|  0|  13|          16|           2|
    |p_not1_5_fu_5057_p2                 |   icmp   |      0|  0|  13|          16|           2|
    |p_not1_6_fu_5099_p2                 |   icmp   |      0|  0|  13|          16|           2|
    |p_not1_7_fu_5141_p2                 |   icmp   |      0|  0|  13|          16|           2|
    |p_not1_8_fu_5879_p2                 |   icmp   |      0|  0|  13|          16|           2|
    |p_not1_9_fu_5921_p2                 |   icmp   |      0|  0|  13|          16|           2|
    |p_not1_fu_4847_p2                   |   icmp   |      0|  0|  13|          16|           2|
    |p_not1_s_fu_5963_p2                 |   icmp   |      0|  0|  13|          16|           2|
    |p_not_10_fu_5979_p2                 |   icmp   |      0|  0|  13|          16|           1|
    |p_not_11_fu_6021_p2                 |   icmp   |      0|  0|  13|          16|           1|
    |p_not_12_fu_6063_p2                 |   icmp   |      0|  0|  13|          16|           1|
    |p_not_13_fu_6105_p2                 |   icmp   |      0|  0|  13|          16|           1|
    |p_not_14_fu_6147_p2                 |   icmp   |      0|  0|  13|          16|           1|
    |p_not_1_fu_4863_p2                  |   icmp   |      0|  0|  13|          16|           1|
    |p_not_2_fu_4905_p2                  |   icmp   |      0|  0|  13|          16|           1|
    |p_not_3_fu_4947_p2                  |   icmp   |      0|  0|  13|          16|           1|
    |p_not_4_fu_4989_p2                  |   icmp   |      0|  0|  13|          16|           1|
    |p_not_5_fu_5031_p2                  |   icmp   |      0|  0|  13|          16|           1|
    |p_not_6_fu_5073_p2                  |   icmp   |      0|  0|  13|          16|           1|
    |p_not_7_fu_5115_p2                  |   icmp   |      0|  0|  13|          16|           1|
    |p_not_8_fu_5853_p2                  |   icmp   |      0|  0|  13|          16|           1|
    |p_not_9_fu_5895_p2                  |   icmp   |      0|  0|  13|          16|           1|
    |p_not_fu_4821_p2                    |   icmp   |      0|  0|  13|          16|           1|
    |p_not_s_fu_5937_p2                  |   icmp   |      0|  0|  13|          16|           1|
    |tmp_112_fu_1090_p2                  |   icmp   |      0|  0|  18|          32|           4|
    |tmp_114_fu_1120_p2                  |   icmp   |      0|  0|  18|          32|           3|
    |tmp_134_fu_6189_p2                  |   icmp   |      0|  0|  18|          24|           1|
    |tmp_356_0_10_fu_6535_p2             |   icmp   |      0|  0|  18|          24|           1|
    |tmp_356_0_11_fu_6541_p2             |   icmp   |      0|  0|  18|          24|           1|
    |tmp_356_0_12_fu_6547_p2             |   icmp   |      0|  0|  18|          24|           1|
    |tmp_356_0_13_fu_6553_p2             |   icmp   |      0|  0|  18|          24|           1|
    |tmp_356_0_14_fu_6559_p2             |   icmp   |      0|  0|  18|          24|           1|
    |tmp_356_0_1_fu_6195_p2              |   icmp   |      0|  0|  18|          24|           1|
    |tmp_356_0_2_fu_6201_p2              |   icmp   |      0|  0|  18|          24|           1|
    |tmp_356_0_3_fu_6207_p2              |   icmp   |      0|  0|  18|          24|           1|
    |tmp_356_0_4_fu_6213_p2              |   icmp   |      0|  0|  18|          24|           1|
    |tmp_356_0_5_fu_6219_p2              |   icmp   |      0|  0|  18|          24|           1|
    |tmp_356_0_6_fu_6225_p2              |   icmp   |      0|  0|  18|          24|           1|
    |tmp_356_0_7_fu_6231_p2              |   icmp   |      0|  0|  18|          24|           1|
    |tmp_356_0_8_fu_6517_p2              |   icmp   |      0|  0|  18|          24|           1|
    |tmp_356_0_9_fu_6523_p2              |   icmp   |      0|  0|  18|          24|           1|
    |tmp_356_0_s_fu_6529_p2              |   icmp   |      0|  0|  18|          24|           1|
    |tmp_s_fu_1064_p2                    |   icmp   |      0|  0|  18|          32|           1|
    |ap_block_pp0_stage0_01001           |    or    |      0|  0|   2|           1|           1|
    |ap_block_state1                     |    or    |      0|  0|   2|           1|           1|
    |brmerge10_fu_3567_p2                |    or    |      0|  0|   2|           1|           1|
    |brmerge11_fu_3659_p2                |    or    |      0|  0|   2|           1|           1|
    |brmerge12_fu_3751_p2                |    or    |      0|  0|   2|           1|           1|
    |brmerge13_fu_3843_p2                |    or    |      0|  0|   2|           1|           1|
    |brmerge14_fu_3935_p2                |    or    |      0|  0|   2|           1|           1|
    |brmerge15_fu_4027_p2                |    or    |      0|  0|   2|           1|           1|
    |brmerge16_fu_4119_p2                |    or    |      0|  0|   2|           1|           1|
    |brmerge17_fu_4826_p2                |    or    |      0|  0|   2|           1|           1|
    |brmerge18_fu_4852_p2                |    or    |      0|  0|   2|           1|           1|
    |brmerge19_fu_5573_p2                |    or    |      0|  0|   2|           1|           1|
    |brmerge1_fu_2811_p2                 |    or    |      0|  0|   2|           1|           1|
    |brmerge20_fu_5582_p2                |    or    |      0|  0|   2|           1|           1|
    |brmerge2_10_fu_5984_p2              |    or    |      0|  0|   2|           1|           1|
    |brmerge2_11_fu_6026_p2              |    or    |      0|  0|   2|           1|           1|
    |brmerge2_12_fu_6068_p2              |    or    |      0|  0|   2|           1|           1|
    |brmerge2_13_fu_6110_p2              |    or    |      0|  0|   2|           1|           1|
    |brmerge2_14_fu_6152_p2              |    or    |      0|  0|   2|           1|           1|
    |brmerge2_1_fu_4868_p2               |    or    |      0|  0|   2|           1|           1|
    |brmerge2_2_fu_4910_p2               |    or    |      0|  0|   2|           1|           1|
    |brmerge2_3_fu_4952_p2               |    or    |      0|  0|   2|           1|           1|
    |brmerge2_4_fu_4994_p2               |    or    |      0|  0|   2|           1|           1|
    |brmerge2_5_fu_5036_p2               |    or    |      0|  0|   2|           1|           1|
    |brmerge2_6_fu_5078_p2               |    or    |      0|  0|   2|           1|           1|
    |brmerge2_7_fu_5120_p2               |    or    |      0|  0|   2|           1|           1|
    |brmerge2_8_fu_5858_p2               |    or    |      0|  0|   2|           1|           1|
    |brmerge2_9_fu_5900_p2               |    or    |      0|  0|   2|           1|           1|
    |brmerge2_fu_2903_p2                 |    or    |      0|  0|   2|           1|           1|
    |brmerge2_s_fu_5942_p2               |    or    |      0|  0|   2|           1|           1|
    |brmerge4_fu_2443_p2                 |    or    |      0|  0|   2|           1|           1|
    |brmerge5_10_fu_6010_p2              |    or    |      0|  0|   2|           1|           1|
    |brmerge5_11_fu_6052_p2              |    or    |      0|  0|   2|           1|           1|
    |brmerge5_12_fu_6094_p2              |    or    |      0|  0|   2|           1|           1|
    |brmerge5_13_fu_6136_p2              |    or    |      0|  0|   2|           1|           1|
    |brmerge5_14_fu_6178_p2              |    or    |      0|  0|   2|           1|           1|
    |brmerge5_1_fu_4894_p2               |    or    |      0|  0|   2|           1|           1|
    |brmerge5_2_fu_4936_p2               |    or    |      0|  0|   2|           1|           1|
    |brmerge5_3_fu_4978_p2               |    or    |      0|  0|   2|           1|           1|
    |brmerge5_4_fu_5020_p2               |    or    |      0|  0|   2|           1|           1|
    |brmerge5_5_fu_5062_p2               |    or    |      0|  0|   2|           1|           1|
    |brmerge5_6_fu_5104_p2               |    or    |      0|  0|   2|           1|           1|
    |brmerge5_7_fu_5146_p2               |    or    |      0|  0|   2|           1|           1|
    |brmerge5_8_fu_5884_p2               |    or    |      0|  0|   2|           1|           1|
    |brmerge5_9_fu_5926_p2               |    or    |      0|  0|   2|           1|           1|
    |brmerge5_fu_2719_p2                 |    or    |      0|  0|   2|           1|           1|
    |brmerge5_s_fu_5968_p2               |    or    |      0|  0|   2|           1|           1|
    |brmerge6_10_fu_6342_p2              |    or    |      0|  0|   2|           1|           1|
    |brmerge6_11_fu_6377_p2              |    or    |      0|  0|   2|           1|           1|
    |brmerge6_12_fu_6412_p2              |    or    |      0|  0|   2|           1|           1|
    |brmerge6_13_fu_6447_p2              |    or    |      0|  0|   2|           1|           1|
    |brmerge6_14_fu_6482_p2              |    or    |      0|  0|   2|           1|           1|
    |brmerge6_1_fu_5608_p2               |    or    |      0|  0|   2|           1|           1|
    |brmerge6_2_fu_5643_p2               |    or    |      0|  0|   2|           1|           1|
    |brmerge6_3_fu_5678_p2               |    or    |      0|  0|   2|           1|           1|
    |brmerge6_4_fu_5713_p2               |    or    |      0|  0|   2|           1|           1|
    |brmerge6_5_fu_5748_p2               |    or    |      0|  0|   2|           1|           1|
    |brmerge6_6_fu_5783_p2               |    or    |      0|  0|   2|           1|           1|
    |brmerge6_7_fu_5818_p2               |    or    |      0|  0|   2|           1|           1|
    |brmerge6_8_fu_6237_p2               |    or    |      0|  0|   2|           1|           1|
    |brmerge6_9_fu_6272_p2               |    or    |      0|  0|   2|           1|           1|
    |brmerge6_fu_2995_p2                 |    or    |      0|  0|   2|           1|           1|
    |brmerge6_s_fu_6307_p2               |    or    |      0|  0|   2|           1|           1|
    |brmerge7_10_fu_6351_p2              |    or    |      0|  0|   2|           1|           1|
    |brmerge7_11_fu_6386_p2              |    or    |      0|  0|   2|           1|           1|
    |brmerge7_12_fu_6421_p2              |    or    |      0|  0|   2|           1|           1|
    |brmerge7_13_fu_6456_p2              |    or    |      0|  0|   2|           1|           1|
    |brmerge7_14_fu_6491_p2              |    or    |      0|  0|   2|           1|           1|
    |brmerge7_1_fu_5617_p2               |    or    |      0|  0|   2|           1|           1|
    |brmerge7_2_fu_5652_p2               |    or    |      0|  0|   2|           1|           1|
    |brmerge7_3_fu_5687_p2               |    or    |      0|  0|   2|           1|           1|
    |brmerge7_4_fu_5722_p2               |    or    |      0|  0|   2|           1|           1|
    |brmerge7_5_fu_5757_p2               |    or    |      0|  0|   2|           1|           1|
    |brmerge7_6_fu_5792_p2               |    or    |      0|  0|   2|           1|           1|
    |brmerge7_7_fu_5827_p2               |    or    |      0|  0|   2|           1|           1|
    |brmerge7_8_fu_6246_p2               |    or    |      0|  0|   2|           1|           1|
    |brmerge7_9_fu_6281_p2               |    or    |      0|  0|   2|           1|           1|
    |brmerge7_fu_3087_p2                 |    or    |      0|  0|   2|           1|           1|
    |brmerge7_s_fu_6316_p2               |    or    |      0|  0|   2|           1|           1|
    |brmerge8_fu_2535_p2                 |    or    |      0|  0|   2|           1|           1|
    |brmerge9_fu_3475_p2                 |    or    |      0|  0|   2|           1|           1|
    |brmerge_fu_2627_p2                  |    or    |      0|  0|   2|           1|           1|
    |accReg_0_V_1_fu_2457_p3             |  select  |      0|  0|  25|           1|          25|
    |accReg_0_V_2_fu_5600_p3             |  select  |      0|  0|  24|           1|          24|
    |accReg_10_V_1_fu_3673_p3            |  select  |      0|  0|  25|           1|          25|
    |accReg_10_V_2_fu_6334_p3            |  select  |      0|  0|  24|           1|          24|
    |accReg_11_V_1_fu_3765_p3            |  select  |      0|  0|  25|           1|          25|
    |accReg_11_V_2_fu_6369_p3            |  select  |      0|  0|  24|           1|          24|
    |accReg_12_V_1_fu_3857_p3            |  select  |      0|  0|  25|           1|          25|
    |accReg_12_V_2_fu_6404_p3            |  select  |      0|  0|  24|           1|          24|
    |accReg_13_V_1_fu_3949_p3            |  select  |      0|  0|  25|           1|          25|
    |accReg_13_V_2_fu_6439_p3            |  select  |      0|  0|  24|           1|          24|
    |accReg_14_V_1_fu_4041_p3            |  select  |      0|  0|  25|           1|          25|
    |accReg_14_V_2_fu_6474_p3            |  select  |      0|  0|  24|           1|          24|
    |accReg_15_V_1_fu_4133_p3            |  select  |      0|  0|  25|           1|          25|
    |accReg_15_V_2_fu_6509_p3            |  select  |      0|  0|  24|           1|          24|
    |accReg_1_V_1_fu_2549_p3             |  select  |      0|  0|  25|           1|          25|
    |accReg_1_V_2_fu_5635_p3             |  select  |      0|  0|  24|           1|          24|
    |accReg_2_V_1_fu_2641_p3             |  select  |      0|  0|  25|           1|          25|
    |accReg_2_V_2_fu_5670_p3             |  select  |      0|  0|  24|           1|          24|
    |accReg_3_V_1_fu_2733_p3             |  select  |      0|  0|  25|           1|          25|
    |accReg_3_V_2_fu_5705_p3             |  select  |      0|  0|  24|           1|          24|
    |accReg_4_V_1_fu_2825_p3             |  select  |      0|  0|  25|           1|          25|
    |accReg_4_V_2_fu_5740_p3             |  select  |      0|  0|  24|           1|          24|
    |accReg_5_V_1_fu_2917_p3             |  select  |      0|  0|  25|           1|          25|
    |accReg_5_V_2_fu_5775_p3             |  select  |      0|  0|  24|           1|          24|
    |accReg_6_V_1_fu_3009_p3             |  select  |      0|  0|  25|           1|          25|
    |accReg_6_V_2_fu_5810_p3             |  select  |      0|  0|  24|           1|          24|
    |accReg_7_V_1_fu_3101_p3             |  select  |      0|  0|  25|           1|          25|
    |accReg_7_V_2_fu_5845_p3             |  select  |      0|  0|  24|           1|          24|
    |accReg_8_V_1_fu_3489_p3             |  select  |      0|  0|  25|           1|          25|
    |accReg_8_V_2_fu_6264_p3             |  select  |      0|  0|  24|           1|          24|
    |accReg_9_V_1_fu_3581_p3             |  select  |      0|  0|  25|           1|          25|
    |accReg_9_V_2_fu_6299_p3             |  select  |      0|  0|  24|           1|          24|
    |accReg_V_0_1_fu_2465_p3             |  select  |      0|  0|  24|           1|          24|
    |accReg_V_10_1_fu_3681_p3            |  select  |      0|  0|  24|           1|          24|
    |accReg_V_11_1_fu_3773_p3            |  select  |      0|  0|  24|           1|          24|
    |accReg_V_12_1_fu_3865_p3            |  select  |      0|  0|  24|           1|          24|
    |accReg_V_13_1_fu_3957_p3            |  select  |      0|  0|  24|           1|          24|
    |accReg_V_14_1_fu_4049_p3            |  select  |      0|  0|  24|           1|          24|
    |accReg_V_15_1_fu_4141_p3            |  select  |      0|  0|  24|           1|          24|
    |accReg_V_1_1_fu_2557_p3             |  select  |      0|  0|  24|           1|          24|
    |accReg_V_2_1_fu_2649_p3             |  select  |      0|  0|  24|           1|          24|
    |accReg_V_3_1_fu_2741_p3             |  select  |      0|  0|  24|           1|          24|
    |accReg_V_4_1_fu_2833_p3             |  select  |      0|  0|  24|           1|          24|
    |accReg_V_5_1_fu_2925_p3             |  select  |      0|  0|  24|           1|          24|
    |accReg_V_6_1_fu_3017_p3             |  select  |      0|  0|  24|           1|          24|
    |accReg_V_7_1_fu_3109_p3             |  select  |      0|  0|  24|           1|          24|
    |accReg_V_8_1_fu_3497_p3             |  select  |      0|  0|  24|           1|          24|
    |accReg_V_9_1_fu_3589_p3             |  select  |      0|  0|  24|           1|          24|
    |p_10_fu_6363_p3                     |  select  |      0|  0|  25|           1|          25|
    |p_11_fu_6398_p3                     |  select  |      0|  0|  25|           1|          25|
    |p_12_fu_6433_p3                     |  select  |      0|  0|  25|           1|          25|
    |p_13_fu_6468_p3                     |  select  |      0|  0|  25|           1|          25|
    |p_14_fu_6503_p3                     |  select  |      0|  0|  25|           1|          25|
    |p_1_1186_fu_1125_p3                 |  select  |      0|  0|  32|           1|           1|
    |p_1_fu_5629_p3                      |  select  |      0|  0|  25|           1|          25|
    |p_2_fu_5664_p3                      |  select  |      0|  0|  25|           1|          25|
    |p_3_fu_5699_p3                      |  select  |      0|  0|  25|           1|          25|
    |p_4_fu_5734_p3                      |  select  |      0|  0|  25|           1|          25|
    |p_5_fu_5769_p3                      |  select  |      0|  0|  25|           1|          25|
    |p_6_fu_5804_p3                      |  select  |      0|  0|  25|           1|          25|
    |p_7_fu_5839_p3                      |  select  |      0|  0|  25|           1|          25|
    |p_8_fu_6258_p3                      |  select  |      0|  0|  25|           1|          25|
    |p_9_fu_6293_p3                      |  select  |      0|  0|  25|           1|          25|
    |p_Val2_1_0_mux_fu_2449_p3           |  select  |      0|  0|  24|           1|          23|
    |p_Val2_1_10_mux_fu_3665_p3          |  select  |      0|  0|  24|           1|          23|
    |p_Val2_1_11_mux_fu_3757_p3          |  select  |      0|  0|  24|           1|          23|
    |p_Val2_1_12_mux_fu_3849_p3          |  select  |      0|  0|  24|           1|          23|
    |p_Val2_1_13_mux_fu_3941_p3          |  select  |      0|  0|  24|           1|          23|
    |p_Val2_1_14_mux_fu_4033_p3          |  select  |      0|  0|  24|           1|          23|
    |p_Val2_1_15_mux_fu_4125_p3          |  select  |      0|  0|  24|           1|          23|
    |p_Val2_1_1_mux_fu_2541_p3           |  select  |      0|  0|  24|           1|          23|
    |p_Val2_1_2_mux_fu_2633_p3           |  select  |      0|  0|  24|           1|          23|
    |p_Val2_1_3_mux_fu_2725_p3           |  select  |      0|  0|  24|           1|          23|
    |p_Val2_1_4_mux_fu_2817_p3           |  select  |      0|  0|  24|           1|          23|
    |p_Val2_1_5_mux_fu_2909_p3           |  select  |      0|  0|  24|           1|          23|
    |p_Val2_1_6_mux_fu_3001_p3           |  select  |      0|  0|  24|           1|          23|
    |p_Val2_1_7_mux_fu_3093_p3           |  select  |      0|  0|  24|           1|          23|
    |p_Val2_1_8_mux_fu_3481_p3           |  select  |      0|  0|  24|           1|          23|
    |p_Val2_1_9_mux_fu_3573_p3           |  select  |      0|  0|  24|           1|          23|
    |p_mux_10_fu_6356_p3                 |  select  |      0|  0|  24|           1|          23|
    |p_mux_11_fu_6391_p3                 |  select  |      0|  0|  24|           1|          23|
    |p_mux_12_fu_6426_p3                 |  select  |      0|  0|  24|           1|          23|
    |p_mux_13_fu_6461_p3                 |  select  |      0|  0|  24|           1|          23|
    |p_mux_14_fu_6496_p3                 |  select  |      0|  0|  24|           1|          23|
    |p_mux_1_fu_5622_p3                  |  select  |      0|  0|  24|           1|          23|
    |p_mux_2_fu_5657_p3                  |  select  |      0|  0|  24|           1|          23|
    |p_mux_3_fu_5692_p3                  |  select  |      0|  0|  24|           1|          23|
    |p_mux_4_fu_5727_p3                  |  select  |      0|  0|  24|           1|          23|
    |p_mux_5_fu_5762_p3                  |  select  |      0|  0|  24|           1|          23|
    |p_mux_6_fu_5797_p3                  |  select  |      0|  0|  24|           1|          23|
    |p_mux_7_fu_5832_p3                  |  select  |      0|  0|  24|           1|          23|
    |p_mux_8_fu_6251_p3                  |  select  |      0|  0|  24|           1|          23|
    |p_mux_9_fu_6286_p3                  |  select  |      0|  0|  24|           1|          23|
    |p_mux_fu_5587_p3                    |  select  |      0|  0|  24|           1|          23|
    |p_mux_s_fu_6321_p3                  |  select  |      0|  0|  24|           1|          23|
    |p_s_1185_fu_6328_p3                 |  select  |      0|  0|  25|           1|          25|
    |p_s_fu_5594_p3                      |  select  |      0|  0|  25|           1|          25|
    |tmp_100_fu_1756_p3                  |  select  |      0|  0|   9|           1|           9|
    |tmp_101_fu_1791_p3                  |  select  |      0|  0|   9|           1|           9|
    |tmp_102_fu_1820_p3                  |  select  |      0|  0|   9|           1|           9|
    |tmp_103_fu_1845_p3                  |  select  |      0|  0|   9|           1|           9|
    |tmp_104_fu_1880_p3                  |  select  |      0|  0|   9|           1|           9|
    |tmp_105_fu_1910_p3                  |  select  |      0|  0|   9|           1|           9|
    |tmp_106_fu_1936_p3                  |  select  |      0|  0|   9|           1|           9|
    |tmp_107_fu_3127_p3                  |  select  |      0|  0|   9|           1|           9|
    |tmp_108_fu_1964_p3                  |  select  |      0|  0|   9|           1|           9|
    |tmp_109_fu_1990_p3                  |  select  |      0|  0|   9|           1|           9|
    |tmp_110_fu_3161_p3                  |  select  |      0|  0|   9|           1|           9|
    |tmp_111_fu_2018_p3                  |  select  |      0|  0|   9|           1|           9|
    |tmp_115_fu_2044_p3                  |  select  |      0|  0|   9|           1|           9|
    |tmp_116_fu_3195_p3                  |  select  |      0|  0|   9|           1|           9|
    |tmp_117_fu_2072_p3                  |  select  |      0|  0|   9|           1|           9|
    |tmp_118_fu_2098_p3                  |  select  |      0|  0|   9|           1|           9|
    |tmp_119_fu_3229_p3                  |  select  |      0|  0|   9|           1|           9|
    |tmp_120_fu_2126_p3                  |  select  |      0|  0|   9|           1|           9|
    |tmp_121_fu_2152_p3                  |  select  |      0|  0|   9|           1|           9|
    |tmp_122_fu_3263_p3                  |  select  |      0|  0|   9|           1|           9|
    |tmp_123_fu_2180_p3                  |  select  |      0|  0|   9|           1|           9|
    |tmp_124_fu_2206_p3                  |  select  |      0|  0|   9|           1|           9|
    |tmp_125_fu_3297_p3                  |  select  |      0|  0|   9|           1|           9|
    |tmp_126_fu_2234_p3                  |  select  |      0|  0|   9|           1|           9|
    |tmp_127_fu_2260_p3                  |  select  |      0|  0|   9|           1|           9|
    |tmp_128_fu_3331_p3                  |  select  |      0|  0|   9|           1|           9|
    |tmp_129_fu_2288_p3                  |  select  |      0|  0|   9|           1|           9|
    |tmp_130_fu_2314_p3                  |  select  |      0|  0|   9|           1|           9|
    |tmp_131_fu_3365_p3                  |  select  |      0|  0|   9|           1|           9|
    |tmp_80_fu_1188_p3                   |  select  |      0|  0|   9|           1|           9|
    |tmp_81_fu_1213_p3                   |  select  |      0|  0|   9|           1|           9|
    |tmp_82_fu_1257_p3                   |  select  |      0|  0|   9|           1|           9|
    |tmp_84_fu_1286_p3                   |  select  |      0|  0|   9|           1|           9|
    |tmp_85_fu_1311_p3                   |  select  |      0|  0|   9|           1|           9|
    |tmp_86_fu_1346_p3                   |  select  |      0|  0|   9|           1|           9|
    |tmp_87_fu_1375_p3                   |  select  |      0|  0|   9|           1|           9|
    |tmp_88_fu_1400_p3                   |  select  |      0|  0|   9|           1|           9|
    |tmp_89_fu_1435_p3                   |  select  |      0|  0|   9|           1|           9|
    |tmp_90_fu_1464_p3                   |  select  |      0|  0|   9|           1|           9|
    |tmp_91_fu_1489_p3                   |  select  |      0|  0|   9|           1|           9|
    |tmp_92_fu_1524_p3                   |  select  |      0|  0|   9|           1|           9|
    |tmp_93_fu_1553_p3                   |  select  |      0|  0|   9|           1|           9|
    |tmp_94_fu_1578_p3                   |  select  |      0|  0|   9|           1|           9|
    |tmp_95_fu_1613_p3                   |  select  |      0|  0|   9|           1|           9|
    |tmp_96_fu_1642_p3                   |  select  |      0|  0|   9|           1|           9|
    |tmp_97_fu_1667_p3                   |  select  |      0|  0|   9|           1|           9|
    |tmp_98_fu_1702_p3                   |  select  |      0|  0|   9|           1|           9|
    |tmp_99_fu_1731_p3                   |  select  |      0|  0|   9|           1|           9|
    |ap_enable_pp0                       |    xor   |      0|  0|   2|           1|           2|
    |brmerge3_10_fu_3739_p2              |    xor   |      0|  0|   2|           1|           1|
    |brmerge3_11_fu_3831_p2              |    xor   |      0|  0|   2|           1|           1|
    |brmerge3_12_fu_3923_p2              |    xor   |      0|  0|   2|           1|           1|
    |brmerge3_13_fu_4015_p2              |    xor   |      0|  0|   2|           1|           1|
    |brmerge3_14_fu_4107_p2              |    xor   |      0|  0|   2|           1|           1|
    |brmerge3_1_fu_2523_p2               |    xor   |      0|  0|   2|           1|           1|
    |brmerge3_2_fu_2615_p2               |    xor   |      0|  0|   2|           1|           1|
    |brmerge3_3_fu_2707_p2               |    xor   |      0|  0|   2|           1|           1|
    |brmerge3_4_fu_2799_p2               |    xor   |      0|  0|   2|           1|           1|
    |brmerge3_5_fu_2891_p2               |    xor   |      0|  0|   2|           1|           1|
    |brmerge3_6_fu_2983_p2               |    xor   |      0|  0|   2|           1|           1|
    |brmerge3_7_fu_3075_p2               |    xor   |      0|  0|   2|           1|           1|
    |brmerge3_8_fu_3463_p2               |    xor   |      0|  0|   2|           1|           1|
    |brmerge3_9_fu_3555_p2               |    xor   |      0|  0|   2|           1|           1|
    |brmerge3_fu_2431_p2                 |    xor   |      0|  0|   2|           1|           1|
    |brmerge3_s_fu_3647_p2               |    xor   |      0|  0|   2|           1|           1|
    |newsignbit_i_i_i_i80_10_fu_6000_p2  |    xor   |      0|  0|   2|           1|           2|
    |newsignbit_i_i_i_i80_11_fu_6042_p2  |    xor   |      0|  0|   2|           1|           2|
    |newsignbit_i_i_i_i80_12_fu_6084_p2  |    xor   |      0|  0|   2|           1|           2|
    |newsignbit_i_i_i_i80_13_fu_6126_p2  |    xor   |      0|  0|   2|           1|           2|
    |newsignbit_i_i_i_i80_14_fu_6168_p2  |    xor   |      0|  0|   2|           1|           2|
    |newsignbit_i_i_i_i80_1_fu_4884_p2   |    xor   |      0|  0|   2|           1|           2|
    |newsignbit_i_i_i_i80_2_fu_4926_p2   |    xor   |      0|  0|   2|           1|           2|
    |newsignbit_i_i_i_i80_3_fu_4968_p2   |    xor   |      0|  0|   2|           1|           2|
    |newsignbit_i_i_i_i80_4_fu_5010_p2   |    xor   |      0|  0|   2|           1|           2|
    |newsignbit_i_i_i_i80_5_fu_5052_p2   |    xor   |      0|  0|   2|           1|           2|
    |newsignbit_i_i_i_i80_6_fu_5094_p2   |    xor   |      0|  0|   2|           1|           2|
    |newsignbit_i_i_i_i80_7_fu_5136_p2   |    xor   |      0|  0|   2|           1|           2|
    |newsignbit_i_i_i_i80_8_fu_5874_p2   |    xor   |      0|  0|   2|           1|           2|
    |newsignbit_i_i_i_i80_9_fu_5916_p2   |    xor   |      0|  0|   2|           1|           2|
    |newsignbit_i_i_i_i80_fu_5958_p2     |    xor   |      0|  0|   2|           1|           2|
    |newsignbit_i_i_i_i_fu_4842_p2       |    xor   |      0|  0|   2|           1|           2|
    |p_1222_not_10_fu_6346_p2            |    xor   |      0|  0|   2|           1|           2|
    |p_1222_not_11_fu_6381_p2            |    xor   |      0|  0|   2|           1|           2|
    |p_1222_not_12_fu_6416_p2            |    xor   |      0|  0|   2|           1|           2|
    |p_1222_not_13_fu_6451_p2            |    xor   |      0|  0|   2|           1|           2|
    |p_1222_not_14_fu_6486_p2            |    xor   |      0|  0|   2|           1|           2|
    |p_1222_not_1_fu_5612_p2             |    xor   |      0|  0|   2|           1|           2|
    |p_1222_not_2_fu_5647_p2             |    xor   |      0|  0|   2|           1|           2|
    |p_1222_not_3_fu_5682_p2             |    xor   |      0|  0|   2|           1|           2|
    |p_1222_not_4_fu_5717_p2             |    xor   |      0|  0|   2|           1|           2|
    |p_1222_not_5_fu_5752_p2             |    xor   |      0|  0|   2|           1|           2|
    |p_1222_not_6_fu_5787_p2             |    xor   |      0|  0|   2|           1|           2|
    |p_1222_not_7_fu_5822_p2             |    xor   |      0|  0|   2|           1|           2|
    |p_1222_not_8_fu_6241_p2             |    xor   |      0|  0|   2|           1|           2|
    |p_1222_not_9_fu_6276_p2             |    xor   |      0|  0|   2|           1|           2|
    |p_1222_not_fu_5577_p2               |    xor   |      0|  0|   2|           1|           2|
    |p_1222_not_s_fu_6311_p2             |    xor   |      0|  0|   2|           1|           2|
    |p_Result_36_0_not_fu_2437_p2        |    xor   |      0|  0|   2|           1|           2|
    |p_Result_36_10_not_fu_3653_p2       |    xor   |      0|  0|   2|           1|           2|
    |p_Result_36_11_not_fu_3745_p2       |    xor   |      0|  0|   2|           1|           2|
    |p_Result_36_12_not_fu_3837_p2       |    xor   |      0|  0|   2|           1|           2|
    |p_Result_36_13_not_fu_3929_p2       |    xor   |      0|  0|   2|           1|           2|
    |p_Result_36_14_not_fu_4021_p2       |    xor   |      0|  0|   2|           1|           2|
    |p_Result_36_15_not_fu_4113_p2       |    xor   |      0|  0|   2|           1|           2|
    |p_Result_36_1_not_fu_2529_p2        |    xor   |      0|  0|   2|           1|           2|
    |p_Result_36_2_not_fu_2621_p2        |    xor   |      0|  0|   2|           1|           2|
    |p_Result_36_3_not_fu_2713_p2        |    xor   |      0|  0|   2|           1|           2|
    |p_Result_36_4_not_fu_2805_p2        |    xor   |      0|  0|   2|           1|           2|
    |p_Result_36_5_not_fu_2897_p2        |    xor   |      0|  0|   2|           1|           2|
    |p_Result_36_6_not_fu_2989_p2        |    xor   |      0|  0|   2|           1|           2|
    |p_Result_36_7_not_fu_3081_p2        |    xor   |      0|  0|   2|           1|           2|
    |p_Result_36_8_not_fu_3469_p2        |    xor   |      0|  0|   2|           1|           2|
    |p_Result_36_9_not_fu_3561_p2        |    xor   |      0|  0|   2|           1|           2|
    |tmp_133_fu_4831_p2                  |    xor   |      0|  0|   2|           1|           2|
    |tmp_345_10_fu_3727_p2               |    xor   |      0|  0|   2|           1|           2|
    |tmp_345_11_fu_3819_p2               |    xor   |      0|  0|   2|           1|           2|
    |tmp_345_12_fu_3911_p2               |    xor   |      0|  0|   2|           1|           2|
    |tmp_345_13_fu_4003_p2               |    xor   |      0|  0|   2|           1|           2|
    |tmp_345_14_fu_4095_p2               |    xor   |      0|  0|   2|           1|           2|
    |tmp_345_1_fu_2511_p2                |    xor   |      0|  0|   2|           1|           2|
    |tmp_345_2_fu_2603_p2                |    xor   |      0|  0|   2|           1|           2|
    |tmp_345_3_fu_2695_p2                |    xor   |      0|  0|   2|           1|           2|
    |tmp_345_4_fu_2787_p2                |    xor   |      0|  0|   2|           1|           2|
    |tmp_345_5_fu_2879_p2                |    xor   |      0|  0|   2|           1|           2|
    |tmp_345_6_fu_2971_p2                |    xor   |      0|  0|   2|           1|           2|
    |tmp_345_7_fu_3063_p2                |    xor   |      0|  0|   2|           1|           2|
    |tmp_345_8_fu_3451_p2                |    xor   |      0|  0|   2|           1|           2|
    |tmp_345_9_fu_3543_p2                |    xor   |      0|  0|   2|           1|           2|
    |tmp_345_s_fu_3635_p2                |    xor   |      0|  0|   2|           1|           2|
    |tmp_349_10_fu_5989_p2               |    xor   |      0|  0|   2|           1|           2|
    |tmp_349_11_fu_6031_p2               |    xor   |      0|  0|   2|           1|           2|
    |tmp_349_12_fu_6073_p2               |    xor   |      0|  0|   2|           1|           2|
    |tmp_349_13_fu_6115_p2               |    xor   |      0|  0|   2|           1|           2|
    |tmp_349_14_fu_6157_p2               |    xor   |      0|  0|   2|           1|           2|
    |tmp_349_1_fu_4873_p2                |    xor   |      0|  0|   2|           1|           2|
    |tmp_349_2_fu_4915_p2                |    xor   |      0|  0|   2|           1|           2|
    |tmp_349_3_fu_4957_p2                |    xor   |      0|  0|   2|           1|           2|
    |tmp_349_4_fu_4999_p2                |    xor   |      0|  0|   2|           1|           2|
    |tmp_349_5_fu_5041_p2                |    xor   |      0|  0|   2|           1|           2|
    |tmp_349_6_fu_5083_p2                |    xor   |      0|  0|   2|           1|           2|
    |tmp_349_7_fu_5125_p2                |    xor   |      0|  0|   2|           1|           2|
    |tmp_349_8_fu_5863_p2                |    xor   |      0|  0|   2|           1|           2|
    |tmp_349_9_fu_5905_p2                |    xor   |      0|  0|   2|           1|           2|
    |tmp_349_s_fu_5947_p2                |    xor   |      0|  0|   2|           1|           2|
    |tmp_83_fu_2419_p2                   |    xor   |      0|  0|   2|           1|           2|
    +------------------------------------+----------+-------+---+----+------------+------------+
    |Total                               |          |      0|  0|6479|        3389|        5209|
    +------------------------------------+----------+-------+---+----+------------+------------+

    * Multiplexer: 
    +---------------------------------------+----+-----------+-----+-----------+
    |                  Name                 | LUT| Input Size| Bits| Total Bits|
    +---------------------------------------+----+-----------+-----+-----------+
    |accReg_V_10_fu_242                     |   9|          2|   24|         48|
    |accReg_V_11_fu_246                     |   9|          2|   24|         48|
    |accReg_V_12_fu_250                     |   9|          2|   24|         48|
    |accReg_V_13_fu_254                     |   9|          2|   24|         48|
    |accReg_V_14_fu_258                     |   9|          2|   24|         48|
    |accReg_V_1_fu_206                      |   9|          2|   24|         48|
    |accReg_V_2_fu_210                      |   9|          2|   24|         48|
    |accReg_V_3_fu_214                      |   9|          2|   24|         48|
    |accReg_V_4_fu_218                      |   9|          2|   24|         48|
    |accReg_V_5_fu_222                      |   9|          2|   24|         48|
    |accReg_V_6_fu_226                      |   9|          2|   24|         48|
    |accReg_V_7_fu_230                      |   9|          2|   24|         48|
    |accReg_V_8_fu_234                      |   9|          2|   24|         48|
    |accReg_V_9_fu_238                      |   9|          2|   24|         48|
    |accReg_V_fu_202                        |   9|          2|   24|         48|
    |accReg_V_s_fu_262                      |   9|          2|   24|         48|
    |ap_NS_fsm                              |  27|          5|    1|          5|
    |ap_done                                |   9|          2|    1|          2|
    |ap_enable_reg_pp0_iter8                |   9|          2|    1|          2|
    |ap_phi_mux_i3_phi_fu_934_p4            |   9|          2|   15|         30|
    |ap_phi_reg_pp0_iter2_p_Val2_s_reg_941  |  15|          3|   24|         72|
    |i3_reg_930                             |   9|          2|   15|         30|
    |in_V_V_blk_n                           |   9|          2|    1|          2|
    |inputBuf_V_address0                    |  15|          3|    4|         12|
    |nf_fu_266                              |   9|          2|   32|         64|
    |out_V_V_blk_n                          |   9|          2|    1|          2|
    |out_V_V_din                            |  15|          3|   16|         48|
    |real_start                             |   9|          2|    1|          2|
    |sf_fu_198                              |   9|          2|   32|         64|
    +---------------------------------------+----+-----------+-----+-----------+
    |Total                                  | 297|         64|  528|       1103|
    +---------------------------------------+----+-----------+-----+-----------+

    * Register: 
    +---------------------------------------+----+----+-----+-----------+
    |                  Name                 | FF | LUT| Bits| Const Bits|
    +---------------------------------------+----+----+-----+-----------+
    |accReg_V_0_1_reg_7264                  |  24|   0|   24|          0|
    |accReg_V_10_1_reg_7452                 |  24|   0|   24|          0|
    |accReg_V_10_fu_242                     |  24|   0|   24|          0|
    |accReg_V_11_1_reg_7458                 |  24|   0|   24|          0|
    |accReg_V_11_fu_246                     |  24|   0|   24|          0|
    |accReg_V_12_1_reg_7464                 |  24|   0|   24|          0|
    |accReg_V_12_fu_250                     |  24|   0|   24|          0|
    |accReg_V_13_1_reg_7470                 |  24|   0|   24|          0|
    |accReg_V_13_fu_254                     |  24|   0|   24|          0|
    |accReg_V_14_1_reg_7476                 |  24|   0|   24|          0|
    |accReg_V_14_fu_258                     |  24|   0|   24|          0|
    |accReg_V_15_1_reg_7482                 |  24|   0|   24|          0|
    |accReg_V_1_1_reg_7270                  |  24|   0|   24|          0|
    |accReg_V_1_fu_206                      |  24|   0|   24|          0|
    |accReg_V_2_1_reg_7276                  |  24|   0|   24|          0|
    |accReg_V_2_fu_210                      |  24|   0|   24|          0|
    |accReg_V_3_1_reg_7282                  |  24|   0|   24|          0|
    |accReg_V_3_fu_214                      |  24|   0|   24|          0|
    |accReg_V_4_1_reg_7288                  |  24|   0|   24|          0|
    |accReg_V_4_fu_218                      |  24|   0|   24|          0|
    |accReg_V_5_1_reg_7294                  |  24|   0|   24|          0|
    |accReg_V_5_fu_222                      |  24|   0|   24|          0|
    |accReg_V_6_1_reg_7300                  |  24|   0|   24|          0|
    |accReg_V_6_fu_226                      |  24|   0|   24|          0|
    |accReg_V_7_1_reg_7306                  |  24|   0|   24|          0|
    |accReg_V_7_fu_230                      |  24|   0|   24|          0|
    |accReg_V_8_1_reg_7440                  |  24|   0|   24|          0|
    |accReg_V_8_fu_234                      |  24|   0|   24|          0|
    |accReg_V_9_1_reg_7446                  |  24|   0|   24|          0|
    |accReg_V_9_fu_238                      |  24|   0|   24|          0|
    |accReg_V_fu_202                        |  24|   0|   24|          0|
    |accReg_V_s_fu_262                      |  24|   0|   24|          0|
    |alphaMem_0_V_load_reg_7360             |  24|   0|   24|          0|
    |alphaMem_10_V_load_reg_7410            |  24|   0|   24|          0|
    |alphaMem_11_V_load_reg_7415            |  24|   0|   24|          0|
    |alphaMem_12_V_load_reg_7420            |  24|   0|   24|          0|
    |alphaMem_13_V_load_reg_7425            |  24|   0|   24|          0|
    |alphaMem_14_V_load_reg_7430            |  24|   0|   24|          0|
    |alphaMem_15_V_load_reg_7435            |  24|   0|   24|          0|
    |alphaMem_1_V_load_reg_7365             |  24|   0|   24|          0|
    |alphaMem_2_V_load_reg_7370             |  24|   0|   24|          0|
    |alphaMem_3_V_load_reg_7375             |  24|   0|   24|          0|
    |alphaMem_4_V_load_reg_7380             |  24|   0|   24|          0|
    |alphaMem_5_V_load_reg_7385             |  24|   0|   24|          0|
    |alphaMem_6_V_load_reg_7390             |  24|   0|   24|          0|
    |alphaMem_7_V_load_reg_7395             |  24|   0|   24|          0|
    |alphaMem_8_V_load_reg_7400             |  24|   0|   24|          0|
    |alphaMem_9_V_load_reg_7405             |  24|   0|   24|          0|
    |ap_CS_fsm                              |   4|   0|    4|          0|
    |ap_done_reg                            |   1|   0|    1|          0|
    |ap_enable_reg_pp0_iter0                |   1|   0|    1|          0|
    |ap_enable_reg_pp0_iter1                |   1|   0|    1|          0|
    |ap_enable_reg_pp0_iter2                |   1|   0|    1|          0|
    |ap_enable_reg_pp0_iter3                |   1|   0|    1|          0|
    |ap_enable_reg_pp0_iter4                |   1|   0|    1|          0|
    |ap_enable_reg_pp0_iter5                |   1|   0|    1|          0|
    |ap_enable_reg_pp0_iter6                |   1|   0|    1|          0|
    |ap_enable_reg_pp0_iter7                |   1|   0|    1|          0|
    |ap_enable_reg_pp0_iter8                |   1|   0|    1|          0|
    |ap_phi_reg_pp0_iter1_p_Val2_s_reg_941  |  24|   0|   24|          0|
    |ap_phi_reg_pp0_iter2_p_Val2_s_reg_941  |  24|   0|   24|          0|
    |exitcond_reg_6713                      |   1|   0|    1|          0|
    |i3_reg_930                             |  15|   0|   15|          0|
    |i_reg_6717                             |  15|   0|   15|          0|
    |intReg_0_V_1_reg_7036                  |  11|   0|   12|          1|
    |intReg_10_V_1_reg_7324                 |  11|   0|   12|          1|
    |intReg_10_V_reg_7109                   |  10|   0|   11|          1|
    |intReg_11_V_1_reg_7330                 |  11|   0|   12|          1|
    |intReg_11_V_reg_7119                   |  10|   0|   11|          1|
    |intReg_12_V_1_reg_7336                 |  11|   0|   12|          1|
    |intReg_12_V_reg_7129                   |  10|   0|   11|          1|
    |intReg_13_V_1_reg_7342                 |  11|   0|   12|          1|
    |intReg_13_V_reg_7139                   |  10|   0|   11|          1|
    |intReg_14_V_1_reg_7348                 |  11|   0|   12|          1|
    |intReg_14_V_reg_7149                   |  10|   0|   11|          1|
    |intReg_15_V_1_reg_7354                 |  11|   0|   12|          1|
    |intReg_15_V_reg_7159                   |  10|   0|   11|          1|
    |intReg_1_V_1_reg_7042                  |  11|   0|   12|          1|
    |intReg_2_V_1_reg_7048                  |  11|   0|   12|          1|
    |intReg_3_V_1_reg_7054                  |  11|   0|   12|          1|
    |intReg_4_V_1_reg_7060                  |  11|   0|   12|          1|
    |intReg_5_V_1_reg_7066                  |  11|   0|   12|          1|
    |intReg_6_V_1_reg_7072                  |  11|   0|   12|          1|
    |intReg_7_V_1_reg_7078                  |  11|   0|   12|          1|
    |intReg_8_V_1_reg_7312                  |  11|   0|   12|          1|
    |intReg_8_V_reg_7089                    |  10|   0|   11|          1|
    |intReg_9_V_1_reg_7318                  |  11|   0|   12|          1|
    |intReg_9_V_reg_7099                    |  10|   0|   11|          1|
    |mf_0_1_reg_6947                        |   9|   0|    9|          0|
    |mf_0_2_reg_7024                        |   9|   0|    9|          0|
    |mf_reg_6907                            |   9|   0|    9|          0|
    |nf_6_reg_6757                          |  32|   0|   32|          0|
    |nf_fu_266                              |  32|   0|   32|          0|
    |nf_load_1_reg_6743                     |  32|   0|   32|          0|
    |nf_load_1_reg_6743_pp0_iter1_reg       |  32|   0|   32|          0|
    |overflow_3_10_reg_8415                 |   1|   0|    1|          0|
    |overflow_3_11_reg_8428                 |   1|   0|    1|          0|
    |overflow_3_12_reg_8441                 |   1|   0|    1|          0|
    |overflow_3_13_reg_8454                 |   1|   0|    1|          0|
    |overflow_3_14_reg_8467                 |   1|   0|    1|          0|
    |overflow_3_1_reg_8093                  |   1|   0|    1|          0|
    |overflow_3_2_reg_8106                  |   1|   0|    1|          0|
    |overflow_3_3_reg_8119                  |   1|   0|    1|          0|
    |overflow_3_4_reg_8132                  |   1|   0|    1|          0|
    |overflow_3_5_reg_8145                  |   1|   0|    1|          0|
    |overflow_3_6_reg_8158                  |   1|   0|    1|          0|
    |overflow_3_7_reg_8171                  |   1|   0|    1|          0|
    |overflow_3_8_reg_8376                  |   1|   0|    1|          0|
    |overflow_3_9_reg_8389                  |   1|   0|    1|          0|
    |overflow_3_reg_8080                    |   1|   0|    1|          0|
    |overflow_3_s_reg_8402                  |   1|   0|    1|          0|
    |p_Result_33_0_2_reg_6967               |   8|   0|    8|          0|
    |p_Val2_58_10_reg_8262                  |  24|   0|   24|          0|
    |p_Val2_58_11_reg_8286                  |  24|   0|   24|          0|
    |p_Val2_58_12_reg_8310                  |  24|   0|   24|          0|
    |p_Val2_58_13_reg_8334                  |  24|   0|   24|          0|
    |p_Val2_58_14_reg_8358                  |  24|   0|   24|          0|
    |p_Val2_58_1_reg_7878                   |  24|   0|   24|          0|
    |p_Val2_58_2_reg_7902                   |  24|   0|   24|          0|
    |p_Val2_58_3_reg_7926                   |  24|   0|   24|          0|
    |p_Val2_58_4_reg_7950                   |  24|   0|   24|          0|
    |p_Val2_58_5_reg_7974                   |  24|   0|   24|          0|
    |p_Val2_58_6_reg_7998                   |  24|   0|   24|          0|
    |p_Val2_58_7_reg_8022                   |  24|   0|   24|          0|
    |p_Val2_58_8_reg_8190                   |  24|   0|   24|          0|
    |p_Val2_58_9_reg_8214                   |  24|   0|   24|          0|
    |p_Val2_58_s_reg_8238                   |  24|   0|   24|          0|
    |p_Val2_s_1183_reg_7854                 |  24|   0|   24|          0|
    |r_V_15_10_reg_8055                     |  48|   0|   48|          0|
    |r_V_15_11_reg_8060                     |  48|   0|   48|          0|
    |r_V_15_12_reg_8065                     |  48|   0|   48|          0|
    |r_V_15_13_reg_8070                     |  48|   0|   48|          0|
    |r_V_15_14_reg_8075                     |  48|   0|   48|          0|
    |r_V_15_1_reg_7738                      |  48|   0|   48|          0|
    |r_V_15_2_reg_7748                      |  48|   0|   48|          0|
    |r_V_15_3_reg_7758                      |  48|   0|   48|          0|
    |r_V_15_4_reg_7768                      |  48|   0|   48|          0|
    |r_V_15_5_reg_7778                      |  48|   0|   48|          0|
    |r_V_15_6_reg_7788                      |  48|   0|   48|          0|
    |r_V_15_7_reg_7798                      |  48|   0|   48|          0|
    |r_V_15_8_reg_8040                      |  48|   0|   48|          0|
    |r_V_15_9_reg_8045                      |  48|   0|   48|          0|
    |r_V_15_reg_7728                        |  48|   0|   48|          0|
    |r_V_15_s_reg_8050                      |  48|   0|   48|          0|
    |sf_6_reg_6727                          |  32|   0|   32|          0|
    |sf_fu_198                              |  32|   0|   32|          0|
    |sf_load_8_reg_6737                     |  32|   0|   32|          0|
    |sf_load_reg_6722                       |  32|   0|   32|          0|
    |start_once_reg                         |   1|   0|    1|          0|
    |thresMem_0_V_load_reg_7733             |  24|   0|   24|          0|
    |thresMem_10_V_load_reg_7818            |  24|   0|   24|          0|
    |thresMem_11_V_load_reg_7823            |  24|   0|   24|          0|
    |thresMem_12_V_load_reg_7828            |  24|   0|   24|          0|
    |thresMem_13_V_load_reg_7833            |  24|   0|   24|          0|
    |thresMem_14_V_load_reg_7838            |  24|   0|   24|          0|
    |thresMem_15_V_load_reg_7843            |  24|   0|   24|          0|
    |thresMem_1_V_load_reg_7743             |  24|   0|   24|          0|
    |thresMem_2_V_load_reg_7753             |  24|   0|   24|          0|
    |thresMem_3_V_load_reg_7763             |  24|   0|   24|          0|
    |thresMem_4_V_load_reg_7773             |  24|   0|   24|          0|
    |thresMem_5_V_load_reg_7783             |  24|   0|   24|          0|
    |thresMem_6_V_load_reg_7793             |  24|   0|   24|          0|
    |thresMem_7_V_load_reg_7803             |  24|   0|   24|          0|
    |thresMem_8_V_load_reg_7808             |  24|   0|   24|          0|
    |thresMem_9_V_load_reg_7813             |  24|   0|   24|          0|
    |tmp_112_reg_6753                       |   1|   0|    1|          0|
    |tmp_113_reg_7164                       |  32|   0|   64|         32|
    |tmp_113_reg_7164_pp0_iter3_reg         |  32|   0|   64|         32|
    |tmp_1324_reg_7848                      |   1|   0|    1|          0|
    |tmp_1325_reg_7860                      |   1|   0|    1|          0|
    |tmp_1326_reg_7872                      |   1|   0|    1|          0|
    |tmp_1327_reg_7884                      |   1|   0|    1|          0|
    |tmp_1328_reg_7896                      |   1|   0|    1|          0|
    |tmp_1329_reg_7908                      |   1|   0|    1|          0|
    |tmp_1330_reg_7920                      |   1|   0|    1|          0|
    |tmp_1331_reg_7932                      |   1|   0|    1|          0|
    |tmp_1332_reg_7944                      |   1|   0|    1|          0|
    |tmp_1333_reg_7956                      |   1|   0|    1|          0|
    |tmp_1334_reg_7968                      |   1|   0|    1|          0|
    |tmp_1335_reg_7980                      |   1|   0|    1|          0|
    |tmp_1336_reg_7992                      |   1|   0|    1|          0|
    |tmp_1337_reg_8004                      |   1|   0|    1|          0|
    |tmp_1338_reg_8016                      |   1|   0|    1|          0|
    |tmp_1339_reg_8028                      |   1|   0|    1|          0|
    |tmp_1340_reg_8184                      |   1|   0|    1|          0|
    |tmp_1341_reg_8196                      |   1|   0|    1|          0|
    |tmp_1342_reg_8208                      |   1|   0|    1|          0|
    |tmp_1343_reg_8220                      |   1|   0|    1|          0|
    |tmp_1344_reg_8232                      |   1|   0|    1|          0|
    |tmp_1345_reg_8244                      |   1|   0|    1|          0|
    |tmp_1346_reg_8256                      |   1|   0|    1|          0|
    |tmp_1347_reg_8268                      |   1|   0|    1|          0|
    |tmp_1348_reg_8280                      |   1|   0|    1|          0|
    |tmp_1349_reg_8292                      |   1|   0|    1|          0|
    |tmp_134_reg_8480                       |   1|   0|    1|          0|
    |tmp_1350_reg_8304                      |   1|   0|    1|          0|
    |tmp_1351_reg_8316                      |   1|   0|    1|          0|
    |tmp_1352_reg_8328                      |   1|   0|    1|          0|
    |tmp_1353_reg_8340                      |   1|   0|    1|          0|
    |tmp_1354_reg_8352                      |   1|   0|    1|          0|
    |tmp_1355_reg_8364                      |   1|   0|    1|          0|
    |tmp_339_0_1_cast_reg_6927              |   9|   0|    9|          0|
    |tmp_339_0_2_cast_reg_7012              |   9|   0|    9|          0|
    |tmp_339_0_cast_reg_6887                |   9|   0|    9|          0|
    |tmp_356_0_10_reg_8535                  |   1|   0|    1|          0|
    |tmp_356_0_11_reg_8540                  |   1|   0|    1|          0|
    |tmp_356_0_12_reg_8545                  |   1|   0|    1|          0|
    |tmp_356_0_13_reg_8550                  |   1|   0|    1|          0|
    |tmp_356_0_14_reg_8555                  |   1|   0|    1|          0|
    |tmp_356_0_1_reg_8485                   |   1|   0|    1|          0|
    |tmp_356_0_2_reg_8490                   |   1|   0|    1|          0|
    |tmp_356_0_3_reg_8495                   |   1|   0|    1|          0|
    |tmp_356_0_4_reg_8500                   |   1|   0|    1|          0|
    |tmp_356_0_5_reg_8505                   |   1|   0|    1|          0|
    |tmp_356_0_6_reg_8510                   |   1|   0|    1|          0|
    |tmp_356_0_7_reg_8515                   |   1|   0|    1|          0|
    |tmp_356_0_8_reg_8520                   |   1|   0|    1|          0|
    |tmp_356_0_9_reg_8525                   |   1|   0|    1|          0|
    |tmp_356_0_s_reg_8530                   |   1|   0|    1|          0|
    |tmp_60_reg_7866                        |  16|   0|   16|          0|
    |tmp_61_reg_7890                        |  16|   0|   16|          0|
    |tmp_62_reg_7914                        |  16|   0|   16|          0|
    |tmp_63_reg_7938                        |  16|   0|   16|          0|
    |tmp_64_reg_7962                        |  16|   0|   16|          0|
    |tmp_65_reg_7986                        |  16|   0|   16|          0|
    |tmp_66_reg_8010                        |  16|   0|   16|          0|
    |tmp_67_reg_8034                        |  16|   0|   16|          0|
    |tmp_68_reg_8202                        |  16|   0|   16|          0|
    |tmp_69_reg_8226                        |  16|   0|   16|          0|
    |tmp_70_reg_8250                        |  16|   0|   16|          0|
    |tmp_71_reg_8274                        |  16|   0|   16|          0|
    |tmp_72_reg_8298                        |  16|   0|   16|          0|
    |tmp_73_reg_8322                        |  16|   0|   16|          0|
    |tmp_74_reg_8346                        |  16|   0|   16|          0|
    |tmp_75_reg_8370                        |  16|   0|   16|          0|
    |tmp_78_reg_6748                        |  32|   0|   32|          0|
    |tmp_79_reg_6774                        |  32|   0|   64|         32|
    |tmp_V_21_reg_6768                      |  24|   0|   24|          0|
    |tmp_V_reg_8560                         |  16|   0|   16|          0|
    |tmp_s_reg_6733                         |   1|   0|    1|          0|
    |underflow_3_10_reg_8421                |   1|   0|    1|          0|
    |underflow_3_11_reg_8434                |   1|   0|    1|          0|
    |underflow_3_12_reg_8447                |   1|   0|    1|          0|
    |underflow_3_13_reg_8460                |   1|   0|    1|          0|
    |underflow_3_14_reg_8473                |   1|   0|    1|          0|
    |underflow_3_1_reg_8099                 |   1|   0|    1|          0|
    |underflow_3_2_reg_8112                 |   1|   0|    1|          0|
    |underflow_3_3_reg_8125                 |   1|   0|    1|          0|
    |underflow_3_4_reg_8138                 |   1|   0|    1|          0|
    |underflow_3_5_reg_8151                 |   1|   0|    1|          0|
    |underflow_3_6_reg_8164                 |   1|   0|    1|          0|
    |underflow_3_7_reg_8177                 |   1|   0|    1|          0|
    |underflow_3_8_reg_8382                 |   1|   0|    1|          0|
    |underflow_3_9_reg_8395                 |   1|   0|    1|          0|
    |underflow_3_reg_8086                   |   1|   0|    1|          0|
    |underflow_3_s_reg_8408                 |   1|   0|    1|          0|
    |weightMem_0_V_load_reg_6831            |   3|   0|    3|          0|
    |weightMem_10_V_load_reg_7104           |   3|   0|    3|          0|
    |weightMem_11_V_load_reg_7114           |   3|   0|    3|          0|
    |weightMem_12_V_load_reg_7124           |   3|   0|    3|          0|
    |weightMem_13_V_load_reg_7134           |   3|   0|    3|          0|
    |weightMem_14_V_load_reg_7144           |   3|   0|    3|          0|
    |weightMem_15_V_load_reg_7154           |   3|   0|    3|          0|
    |weightMem_1_V_load_reg_6838            |   3|   0|    3|          0|
    |weightMem_2_V_load_reg_6845            |   3|   0|    3|          0|
    |weightMem_3_V_load_reg_6852            |   3|   0|    3|          0|
    |weightMem_4_V_load_reg_6859            |   3|   0|    3|          0|
    |weightMem_5_V_load_reg_6866            |   3|   0|    3|          0|
    |weightMem_6_V_load_reg_6873            |   3|   0|    3|          0|
    |weightMem_7_V_load_reg_6880            |   3|   0|    3|          0|
    |weightMem_8_V_load_reg_7084            |   3|   0|    3|          0|
    |weightMem_9_V_load_reg_7094            |   3|   0|    3|          0|
    |exitcond_reg_6713                      |  64|  32|    1|          0|
    |tmp_112_reg_6753                       |  64|  32|    1|          0|
    +---------------------------------------+----+----+-----+-----------+
    |Total                                  |4038|  64| 4032|        120|
    +---------------------------------------+----+----+-----+-----------+



================================================================
== Interface
================================================================
* Summary: 
+-------------------------+-----+-----+------------+----------------------+--------------+
|        RTL Ports        | Dir | Bits|  Protocol  |     Source Object    |    C Type    |
+-------------------------+-----+-----+------------+----------------------+--------------+
|ap_clk                   |  in |    1| ap_ctrl_hs | StreamingFxdMatrixVe | return value |
|ap_rst                   |  in |    1| ap_ctrl_hs | StreamingFxdMatrixVe | return value |
|ap_start                 |  in |    1| ap_ctrl_hs | StreamingFxdMatrixVe | return value |
|start_full_n             |  in |    1| ap_ctrl_hs | StreamingFxdMatrixVe | return value |
|ap_done                  | out |    1| ap_ctrl_hs | StreamingFxdMatrixVe | return value |
|ap_continue              |  in |    1| ap_ctrl_hs | StreamingFxdMatrixVe | return value |
|ap_idle                  | out |    1| ap_ctrl_hs | StreamingFxdMatrixVe | return value |
|ap_ready                 | out |    1| ap_ctrl_hs | StreamingFxdMatrixVe | return value |
|start_out                | out |    1| ap_ctrl_hs | StreamingFxdMatrixVe | return value |
|start_write              | out |    1| ap_ctrl_hs | StreamingFxdMatrixVe | return value |
|in_V_V_dout              |  in |   24|   ap_fifo  |        in_V_V        |    pointer   |
|in_V_V_empty_n           |  in |    1|   ap_fifo  |        in_V_V        |    pointer   |
|in_V_V_read              | out |    1|   ap_fifo  |        in_V_V        |    pointer   |
|out_V_V_din              | out |   16|   ap_fifo  |        out_V_V       |    pointer   |
|out_V_V_full_n           |  in |    1|   ap_fifo  |        out_V_V       |    pointer   |
|out_V_V_write            | out |    1|   ap_fifo  |        out_V_V       |    pointer   |
|weightMem_0_V_address0   | out |    6|  ap_memory |     weightMem_0_V    |     array    |
|weightMem_0_V_ce0        | out |    1|  ap_memory |     weightMem_0_V    |     array    |
|weightMem_0_V_q0         |  in |    3|  ap_memory |     weightMem_0_V    |     array    |
|weightMem_1_V_address0   | out |    6|  ap_memory |     weightMem_1_V    |     array    |
|weightMem_1_V_ce0        | out |    1|  ap_memory |     weightMem_1_V    |     array    |
|weightMem_1_V_q0         |  in |    3|  ap_memory |     weightMem_1_V    |     array    |
|weightMem_2_V_address0   | out |    6|  ap_memory |     weightMem_2_V    |     array    |
|weightMem_2_V_ce0        | out |    1|  ap_memory |     weightMem_2_V    |     array    |
|weightMem_2_V_q0         |  in |    3|  ap_memory |     weightMem_2_V    |     array    |
|weightMem_3_V_address0   | out |    6|  ap_memory |     weightMem_3_V    |     array    |
|weightMem_3_V_ce0        | out |    1|  ap_memory |     weightMem_3_V    |     array    |
|weightMem_3_V_q0         |  in |    3|  ap_memory |     weightMem_3_V    |     array    |
|weightMem_4_V_address0   | out |    6|  ap_memory |     weightMem_4_V    |     array    |
|weightMem_4_V_ce0        | out |    1|  ap_memory |     weightMem_4_V    |     array    |
|weightMem_4_V_q0         |  in |    3|  ap_memory |     weightMem_4_V    |     array    |
|weightMem_5_V_address0   | out |    6|  ap_memory |     weightMem_5_V    |     array    |
|weightMem_5_V_ce0        | out |    1|  ap_memory |     weightMem_5_V    |     array    |
|weightMem_5_V_q0         |  in |    3|  ap_memory |     weightMem_5_V    |     array    |
|weightMem_6_V_address0   | out |    6|  ap_memory |     weightMem_6_V    |     array    |
|weightMem_6_V_ce0        | out |    1|  ap_memory |     weightMem_6_V    |     array    |
|weightMem_6_V_q0         |  in |    3|  ap_memory |     weightMem_6_V    |     array    |
|weightMem_7_V_address0   | out |    6|  ap_memory |     weightMem_7_V    |     array    |
|weightMem_7_V_ce0        | out |    1|  ap_memory |     weightMem_7_V    |     array    |
|weightMem_7_V_q0         |  in |    3|  ap_memory |     weightMem_7_V    |     array    |
|weightMem_8_V_address0   | out |    6|  ap_memory |     weightMem_8_V    |     array    |
|weightMem_8_V_ce0        | out |    1|  ap_memory |     weightMem_8_V    |     array    |
|weightMem_8_V_q0         |  in |    3|  ap_memory |     weightMem_8_V    |     array    |
|weightMem_9_V_address0   | out |    6|  ap_memory |     weightMem_9_V    |     array    |
|weightMem_9_V_ce0        | out |    1|  ap_memory |     weightMem_9_V    |     array    |
|weightMem_9_V_q0         |  in |    3|  ap_memory |     weightMem_9_V    |     array    |
|weightMem_10_V_address0  | out |    6|  ap_memory |    weightMem_10_V    |     array    |
|weightMem_10_V_ce0       | out |    1|  ap_memory |    weightMem_10_V    |     array    |
|weightMem_10_V_q0        |  in |    3|  ap_memory |    weightMem_10_V    |     array    |
|weightMem_11_V_address0  | out |    6|  ap_memory |    weightMem_11_V    |     array    |
|weightMem_11_V_ce0       | out |    1|  ap_memory |    weightMem_11_V    |     array    |
|weightMem_11_V_q0        |  in |    3|  ap_memory |    weightMem_11_V    |     array    |
|weightMem_12_V_address0  | out |    6|  ap_memory |    weightMem_12_V    |     array    |
|weightMem_12_V_ce0       | out |    1|  ap_memory |    weightMem_12_V    |     array    |
|weightMem_12_V_q0        |  in |    3|  ap_memory |    weightMem_12_V    |     array    |
|weightMem_13_V_address0  | out |    6|  ap_memory |    weightMem_13_V    |     array    |
|weightMem_13_V_ce0       | out |    1|  ap_memory |    weightMem_13_V    |     array    |
|weightMem_13_V_q0        |  in |    3|  ap_memory |    weightMem_13_V    |     array    |
|weightMem_14_V_address0  | out |    6|  ap_memory |    weightMem_14_V    |     array    |
|weightMem_14_V_ce0       | out |    1|  ap_memory |    weightMem_14_V    |     array    |
|weightMem_14_V_q0        |  in |    3|  ap_memory |    weightMem_14_V    |     array    |
|weightMem_15_V_address0  | out |    6|  ap_memory |    weightMem_15_V    |     array    |
|weightMem_15_V_ce0       | out |    1|  ap_memory |    weightMem_15_V    |     array    |
|weightMem_15_V_q0        |  in |    3|  ap_memory |    weightMem_15_V    |     array    |
|thresMem_0_V_address0    | out |    2|  ap_memory |     thresMem_0_V     |     array    |
|thresMem_0_V_ce0         | out |    1|  ap_memory |     thresMem_0_V     |     array    |
|thresMem_0_V_q0          |  in |   24|  ap_memory |     thresMem_0_V     |     array    |
|thresMem_1_V_address0    | out |    2|  ap_memory |     thresMem_1_V     |     array    |
|thresMem_1_V_ce0         | out |    1|  ap_memory |     thresMem_1_V     |     array    |
|thresMem_1_V_q0          |  in |   24|  ap_memory |     thresMem_1_V     |     array    |
|thresMem_2_V_address0    | out |    2|  ap_memory |     thresMem_2_V     |     array    |
|thresMem_2_V_ce0         | out |    1|  ap_memory |     thresMem_2_V     |     array    |
|thresMem_2_V_q0          |  in |   24|  ap_memory |     thresMem_2_V     |     array    |
|thresMem_3_V_address0    | out |    2|  ap_memory |     thresMem_3_V     |     array    |
|thresMem_3_V_ce0         | out |    1|  ap_memory |     thresMem_3_V     |     array    |
|thresMem_3_V_q0          |  in |   24|  ap_memory |     thresMem_3_V     |     array    |
|thresMem_4_V_address0    | out |    2|  ap_memory |     thresMem_4_V     |     array    |
|thresMem_4_V_ce0         | out |    1|  ap_memory |     thresMem_4_V     |     array    |
|thresMem_4_V_q0          |  in |   24|  ap_memory |     thresMem_4_V     |     array    |
|thresMem_5_V_address0    | out |    2|  ap_memory |     thresMem_5_V     |     array    |
|thresMem_5_V_ce0         | out |    1|  ap_memory |     thresMem_5_V     |     array    |
|thresMem_5_V_q0          |  in |   24|  ap_memory |     thresMem_5_V     |     array    |
|thresMem_6_V_address0    | out |    2|  ap_memory |     thresMem_6_V     |     array    |
|thresMem_6_V_ce0         | out |    1|  ap_memory |     thresMem_6_V     |     array    |
|thresMem_6_V_q0          |  in |   24|  ap_memory |     thresMem_6_V     |     array    |
|thresMem_7_V_address0    | out |    2|  ap_memory |     thresMem_7_V     |     array    |
|thresMem_7_V_ce0         | out |    1|  ap_memory |     thresMem_7_V     |     array    |
|thresMem_7_V_q0          |  in |   24|  ap_memory |     thresMem_7_V     |     array    |
|thresMem_8_V_address0    | out |    2|  ap_memory |     thresMem_8_V     |     array    |
|thresMem_8_V_ce0         | out |    1|  ap_memory |     thresMem_8_V     |     array    |
|thresMem_8_V_q0          |  in |   24|  ap_memory |     thresMem_8_V     |     array    |
|thresMem_9_V_address0    | out |    2|  ap_memory |     thresMem_9_V     |     array    |
|thresMem_9_V_ce0         | out |    1|  ap_memory |     thresMem_9_V     |     array    |
|thresMem_9_V_q0          |  in |   24|  ap_memory |     thresMem_9_V     |     array    |
|thresMem_10_V_address0   | out |    2|  ap_memory |     thresMem_10_V    |     array    |
|thresMem_10_V_ce0        | out |    1|  ap_memory |     thresMem_10_V    |     array    |
|thresMem_10_V_q0         |  in |   24|  ap_memory |     thresMem_10_V    |     array    |
|thresMem_11_V_address0   | out |    2|  ap_memory |     thresMem_11_V    |     array    |
|thresMem_11_V_ce0        | out |    1|  ap_memory |     thresMem_11_V    |     array    |
|thresMem_11_V_q0         |  in |   24|  ap_memory |     thresMem_11_V    |     array    |
|thresMem_12_V_address0   | out |    2|  ap_memory |     thresMem_12_V    |     array    |
|thresMem_12_V_ce0        | out |    1|  ap_memory |     thresMem_12_V    |     array    |
|thresMem_12_V_q0         |  in |   24|  ap_memory |     thresMem_12_V    |     array    |
|thresMem_13_V_address0   | out |    2|  ap_memory |     thresMem_13_V    |     array    |
|thresMem_13_V_ce0        | out |    1|  ap_memory |     thresMem_13_V    |     array    |
|thresMem_13_V_q0         |  in |   24|  ap_memory |     thresMem_13_V    |     array    |
|thresMem_14_V_address0   | out |    2|  ap_memory |     thresMem_14_V    |     array    |
|thresMem_14_V_ce0        | out |    1|  ap_memory |     thresMem_14_V    |     array    |
|thresMem_14_V_q0         |  in |   24|  ap_memory |     thresMem_14_V    |     array    |
|thresMem_15_V_address0   | out |    2|  ap_memory |     thresMem_15_V    |     array    |
|thresMem_15_V_ce0        | out |    1|  ap_memory |     thresMem_15_V    |     array    |
|thresMem_15_V_q0         |  in |   24|  ap_memory |     thresMem_15_V    |     array    |
|alphaMem_0_V_address0    | out |    2|  ap_memory |     alphaMem_0_V     |     array    |
|alphaMem_0_V_ce0         | out |    1|  ap_memory |     alphaMem_0_V     |     array    |
|alphaMem_0_V_q0          |  in |   24|  ap_memory |     alphaMem_0_V     |     array    |
|alphaMem_1_V_address0    | out |    2|  ap_memory |     alphaMem_1_V     |     array    |
|alphaMem_1_V_ce0         | out |    1|  ap_memory |     alphaMem_1_V     |     array    |
|alphaMem_1_V_q0          |  in |   24|  ap_memory |     alphaMem_1_V     |     array    |
|alphaMem_2_V_address0    | out |    2|  ap_memory |     alphaMem_2_V     |     array    |
|alphaMem_2_V_ce0         | out |    1|  ap_memory |     alphaMem_2_V     |     array    |
|alphaMem_2_V_q0          |  in |   24|  ap_memory |     alphaMem_2_V     |     array    |
|alphaMem_3_V_address0    | out |    2|  ap_memory |     alphaMem_3_V     |     array    |
|alphaMem_3_V_ce0         | out |    1|  ap_memory |     alphaMem_3_V     |     array    |
|alphaMem_3_V_q0          |  in |   24|  ap_memory |     alphaMem_3_V     |     array    |
|alphaMem_4_V_address0    | out |    2|  ap_memory |     alphaMem_4_V     |     array    |
|alphaMem_4_V_ce0         | out |    1|  ap_memory |     alphaMem_4_V     |     array    |
|alphaMem_4_V_q0          |  in |   24|  ap_memory |     alphaMem_4_V     |     array    |
|alphaMem_5_V_address0    | out |    2|  ap_memory |     alphaMem_5_V     |     array    |
|alphaMem_5_V_ce0         | out |    1|  ap_memory |     alphaMem_5_V     |     array    |
|alphaMem_5_V_q0          |  in |   24|  ap_memory |     alphaMem_5_V     |     array    |
|alphaMem_6_V_address0    | out |    2|  ap_memory |     alphaMem_6_V     |     array    |
|alphaMem_6_V_ce0         | out |    1|  ap_memory |     alphaMem_6_V     |     array    |
|alphaMem_6_V_q0          |  in |   24|  ap_memory |     alphaMem_6_V     |     array    |
|alphaMem_7_V_address0    | out |    2|  ap_memory |     alphaMem_7_V     |     array    |
|alphaMem_7_V_ce0         | out |    1|  ap_memory |     alphaMem_7_V     |     array    |
|alphaMem_7_V_q0          |  in |   24|  ap_memory |     alphaMem_7_V     |     array    |
|alphaMem_8_V_address0    | out |    2|  ap_memory |     alphaMem_8_V     |     array    |
|alphaMem_8_V_ce0         | out |    1|  ap_memory |     alphaMem_8_V     |     array    |
|alphaMem_8_V_q0          |  in |   24|  ap_memory |     alphaMem_8_V     |     array    |
|alphaMem_9_V_address0    | out |    2|  ap_memory |     alphaMem_9_V     |     array    |
|alphaMem_9_V_ce0         | out |    1|  ap_memory |     alphaMem_9_V     |     array    |
|alphaMem_9_V_q0          |  in |   24|  ap_memory |     alphaMem_9_V     |     array    |
|alphaMem_10_V_address0   | out |    2|  ap_memory |     alphaMem_10_V    |     array    |
|alphaMem_10_V_ce0        | out |    1|  ap_memory |     alphaMem_10_V    |     array    |
|alphaMem_10_V_q0         |  in |   24|  ap_memory |     alphaMem_10_V    |     array    |
|alphaMem_11_V_address0   | out |    2|  ap_memory |     alphaMem_11_V    |     array    |
|alphaMem_11_V_ce0        | out |    1|  ap_memory |     alphaMem_11_V    |     array    |
|alphaMem_11_V_q0         |  in |   24|  ap_memory |     alphaMem_11_V    |     array    |
|alphaMem_12_V_address0   | out |    2|  ap_memory |     alphaMem_12_V    |     array    |
|alphaMem_12_V_ce0        | out |    1|  ap_memory |     alphaMem_12_V    |     array    |
|alphaMem_12_V_q0         |  in |   24|  ap_memory |     alphaMem_12_V    |     array    |
|alphaMem_13_V_address0   | out |    2|  ap_memory |     alphaMem_13_V    |     array    |
|alphaMem_13_V_ce0        | out |    1|  ap_memory |     alphaMem_13_V    |     array    |
|alphaMem_13_V_q0         |  in |   24|  ap_memory |     alphaMem_13_V    |     array    |
|alphaMem_14_V_address0   | out |    2|  ap_memory |     alphaMem_14_V    |     array    |
|alphaMem_14_V_ce0        | out |    1|  ap_memory |     alphaMem_14_V    |     array    |
|alphaMem_14_V_q0         |  in |   24|  ap_memory |     alphaMem_14_V    |     array    |
|alphaMem_15_V_address0   | out |    2|  ap_memory |     alphaMem_15_V    |     array    |
|alphaMem_15_V_ce0        | out |    1|  ap_memory |     alphaMem_15_V    |     array    |
|alphaMem_15_V_q0         |  in |   24|  ap_memory |     alphaMem_15_V    |     array    |
+-------------------------+-----+-----+------------+----------------------+--------------+

